Archive member included to satisfy reference by file (symbol)

/home/rako/Data/SourceCode/CrossCompiler_Utils/gcc-linaro-5.4.1-2017.01-x86_64_arm-linux/Compiler/gcc-linaro-5.4.1-2017.01-x86_64_arm-linux-gnueabihf/bin/../arm-linux-gnueabihf/libc/usr/lib/libc_nonshared.a(elf-init.oS)
                              /home/rako/Data/SourceCode/CrossCompiler_Utils/gcc-linaro-5.4.1-2017.01-x86_64_arm-linux/Compiler/gcc-linaro-5.4.1-2017.01-x86_64_arm-linux-gnueabihf/bin/../arm-linux-gnueabihf/libc/usr/lib/crt1.o (__libc_csu_init)

Discarded input sections

 .rodata.cst4   0x0000000000000000        0x4 /home/rako/Data/SourceCode/CrossCompiler_Utils/gcc-linaro-5.4.1-2017.01-x86_64_arm-linux/Compiler/gcc-linaro-5.4.1-2017.01-x86_64_arm-linux-gnueabihf/bin/../arm-linux-gnueabihf/libc/usr/lib/crt1.o
 .ARM.extab     0x0000000000000000        0x0 /home/rako/Data/SourceCode/CrossCompiler_Utils/gcc-linaro-5.4.1-2017.01-x86_64_arm-linux/Compiler/gcc-linaro-5.4.1-2017.01-x86_64_arm-linux-gnueabihf/bin/../arm-linux-gnueabihf/libc/usr/lib/crt1.o
 .data          0x0000000000000000        0x4 /home/rako/Data/SourceCode/CrossCompiler_Utils/gcc-linaro-5.4.1-2017.01-x86_64_arm-linux/Compiler/gcc-linaro-5.4.1-2017.01-x86_64_arm-linux-gnueabihf/bin/../arm-linux-gnueabihf/libc/usr/lib/crt1.o
 .bss           0x0000000000000000        0x0 /home/rako/Data/SourceCode/CrossCompiler_Utils/gcc-linaro-5.4.1-2017.01-x86_64_arm-linux/Compiler/gcc-linaro-5.4.1-2017.01-x86_64_arm-linux-gnueabihf/bin/../arm-linux-gnueabihf/libc/usr/lib/crt1.o
 .note.GNU-stack
                0x0000000000000000        0x0 /home/rako/Data/SourceCode/CrossCompiler_Utils/gcc-linaro-5.4.1-2017.01-x86_64_arm-linux/Compiler/gcc-linaro-5.4.1-2017.01-x86_64_arm-linux-gnueabihf/bin/../arm-linux-gnueabihf/libc/usr/lib/crt1.o
 .data          0x0000000000000000        0x0 /home/rako/Data/SourceCode/CrossCompiler_Utils/gcc-linaro-5.4.1-2017.01-x86_64_arm-linux/Compiler/gcc-linaro-5.4.1-2017.01-x86_64_arm-linux-gnueabihf/bin/../arm-linux-gnueabihf/libc/usr/lib/crti.o
 .bss           0x0000000000000000        0x0 /home/rako/Data/SourceCode/CrossCompiler_Utils/gcc-linaro-5.4.1-2017.01-x86_64_arm-linux/Compiler/gcc-linaro-5.4.1-2017.01-x86_64_arm-linux-gnueabihf/bin/../arm-linux-gnueabihf/libc/usr/lib/crti.o
 .note.GNU-stack
                0x0000000000000000        0x0 /home/rako/Data/SourceCode/CrossCompiler_Utils/gcc-linaro-5.4.1-2017.01-x86_64_arm-linux/Compiler/gcc-linaro-5.4.1-2017.01-x86_64_arm-linux-gnueabihf/bin/../arm-linux-gnueabihf/libc/usr/lib/crti.o
 .note.GNU-stack
                0x0000000000000000        0x0 /home/rako/Data/SourceCode/CrossCompiler_Utils/gcc-linaro-5.4.1-2017.01-x86_64_arm-linux/Compiler/gcc-linaro-5.4.1-2017.01-x86_64_arm-linux-gnueabihf/bin/../lib/gcc/arm-linux-gnueabihf/5.4.1/crtbegin.o
 .group         0x0000000000000000       0x10 ./src/CConnectSock.o
 .group         0x0000000000000000       0x10 ./src/CConnectSock.o
 .group         0x0000000000000000       0x10 ./src/CConnectSock.o
 .group         0x0000000000000000       0x10 ./src/CConnectSock.o
 .group         0x0000000000000000       0x10 ./src/CConnectSock.o
 .group         0x0000000000000000       0x10 ./src/CConnectSock.o
 .group         0x0000000000000000       0x10 ./src/CConnectSock.o
 .group         0x0000000000000000       0x10 ./src/CConnectSock.o
 .group         0x0000000000000000       0x10 ./src/CConnectSock.o
 .group         0x0000000000000000       0x10 ./src/CConnectSock.o
 .group         0x0000000000000000       0x10 ./src/CConnectSock.o
 .group         0x0000000000000000       0x10 ./src/CConnectSock.o
 .group         0x0000000000000000       0x10 ./src/CConnectSock.o
 .group         0x0000000000000000       0x1c ./src/CConnectSock.o
 .group         0x0000000000000000       0x10 ./src/CConnectSock.o
 .group         0x0000000000000000       0x10 ./src/CConnectSock.o
 .group         0x0000000000000000       0x10 ./src/CConnectSock.o
 .group         0x0000000000000000       0x10 ./src/CConnectSock.o
 .group         0x0000000000000000       0x10 ./src/CConnectSock.o
 .group         0x0000000000000000       0x10 ./src/CConnectSock.o
 .group         0x0000000000000000       0x10 ./src/CConnectSock.o
 .group         0x0000000000000000       0x10 ./src/CConnectSock.o
 .group         0x0000000000000000       0x10 ./src/CConnectSock.o
 .group         0x0000000000000000       0x10 ./src/CConnectSock.o
 .group         0x0000000000000000       0x10 ./src/CConnectSock.o
 .group         0x0000000000000000       0x10 ./src/CConnectSock.o
 .group         0x0000000000000000       0x10 ./src/CConnectSock.o
 .group         0x0000000000000000       0x10 ./src/CConnectSock.o
 .group         0x0000000000000000       0x10 ./src/CConnectSock.o
 .group         0x0000000000000000       0x10 ./src/CConnectSock.o
 .group         0x0000000000000000       0x10 ./src/CConnectSock.o
 .group         0x0000000000000000       0x10 ./src/CConnectSock.o
 .group         0x0000000000000000       0x10 ./src/CConnectSock.o
 .group         0x0000000000000000       0x10 ./src/CConnectSock.o
 .group         0x0000000000000000       0x10 ./src/CConnectSock.o
 .group         0x0000000000000000       0x10 ./src/CConnectSock.o
 .group         0x0000000000000000       0x10 ./src/CConnectSock.o
 .group         0x0000000000000000       0x10 ./src/CConnectSock.o
 .group         0x0000000000000000       0x10 ./src/CConnectSock.o
 .group         0x0000000000000000       0x10 ./src/CConnectSock.o
 .group         0x0000000000000000       0x10 ./src/CConnectSock.o
 .group         0x0000000000000000       0x10 ./src/CConnectSock.o
 .group         0x0000000000000000       0x10 ./src/CConnectSock.o
 .group         0x0000000000000000       0x10 ./src/CConnectSock.o
 .group         0x0000000000000000       0x10 ./src/CConnectSock.o
 .group         0x0000000000000000       0x10 ./src/CConnectSock.o
 .group         0x0000000000000000       0x10 ./src/CConnectSock.o
 .group         0x0000000000000000       0x10 ./src/CConnectSock.o
 .group         0x0000000000000000       0x10 ./src/CConnectSock.o
 .group         0x0000000000000000       0x10 ./src/CConnectSock.o
 .group         0x0000000000000000       0x10 ./src/CConnectSock.o
 .group         0x0000000000000000       0x10 ./src/CConnectSock.o
 .group         0x0000000000000000       0x10 ./src/CConnectSock.o
 .group         0x0000000000000000       0x10 ./src/CConnectSock.o
 .group         0x0000000000000000       0x10 ./src/CConnectSock.o
 .group         0x0000000000000000       0x10 ./src/CConnectSock.o
 .group         0x0000000000000000       0x10 ./src/CConnectSock.o
 .group         0x0000000000000000       0x10 ./src/CConnectSock.o
 .group         0x0000000000000000       0x10 ./src/CConnectSock.o
 .group         0x0000000000000000       0x10 ./src/CConnectSock.o
 .group         0x0000000000000000       0x10 ./src/CConnectSock.o
 .group         0x0000000000000000       0x10 ./src/CConnectSock.o
 .group         0x0000000000000000       0x10 ./src/CConnectSock.o
 .group         0x0000000000000000       0x10 ./src/CConnectSock.o
 .group         0x0000000000000000       0x10 ./src/CConnectSock.o
 .group         0x0000000000000000       0x10 ./src/CConnectSock.o
 .group         0x0000000000000000       0x10 ./src/CConnectSock.o
 .group         0x0000000000000000       0x10 ./src/CConnectSock.o
 .group         0x0000000000000000       0x10 ./src/CConnectSock.o
 .group         0x0000000000000000       0x10 ./src/CConnectSock.o
 .group         0x0000000000000000       0x10 ./src/CConnectSock.o
 .group         0x0000000000000000       0x10 ./src/CConnectSock.o
 .group         0x0000000000000000       0x1c ./src/CConnectSock.o
 .group         0x0000000000000000       0x10 ./src/CConnectSock.o
 .group         0x0000000000000000       0x10 ./src/CConnectSock.o
 .group         0x0000000000000000       0x10 ./src/CConnectSock.o
 .group         0x0000000000000000       0x10 ./src/CConnectSock.o
 .group         0x0000000000000000       0x10 ./src/CConnectSock.o
 .group         0x0000000000000000       0x10 ./src/CConnectSock.o
 .group         0x0000000000000000       0x10 ./src/CConnectSock.o
 .group         0x0000000000000000       0x10 ./src/CConnectSock.o
 .group         0x0000000000000000       0x10 ./src/CConnectSock.o
 .group         0x0000000000000000       0x10 ./src/CConnectSock.o
 .group         0x0000000000000000       0x10 ./src/CConnectSock.o
 .group         0x0000000000000000       0x10 ./src/CConnectSock.o
 .group         0x0000000000000000       0x10 ./src/CConnectSock.o
 .group         0x0000000000000000       0x10 ./src/CConnectSock.o
 .group         0x0000000000000000       0x10 ./src/CConnectSock.o
 .group         0x0000000000000000       0x10 ./src/CConnectSock.o
 .group         0x0000000000000000       0x10 ./src/CConnectSock.o
 .group         0x0000000000000000       0x10 ./src/CConnectSock.o
 .group         0x0000000000000000       0x10 ./src/CConnectSock.o
 .group         0x0000000000000000       0x10 ./src/CConnectSock.o
 .group         0x0000000000000000       0x10 ./src/CConnectSock.o
 .group         0x0000000000000000       0x10 ./src/CConnectSock.o
 .group         0x0000000000000000       0x10 ./src/CConnectSock.o
 .group         0x0000000000000000       0x10 ./src/CConnectSock.o
 .group         0x0000000000000000       0x10 ./src/CConnectSock.o
 .group         0x0000000000000000       0x10 ./src/CConnectSock.o
 .group         0x0000000000000000       0x10 ./src/CConnectSock.o
 .group         0x0000000000000000       0x10 ./src/CConnectSock.o
 .group         0x0000000000000000       0x10 ./src/CConnectSock.o
 .group         0x0000000000000000       0x10 ./src/CConnectSock.o
 .group         0x0000000000000000       0x10 ./src/CConnectSock.o
 .group         0x0000000000000000       0x10 ./src/CConnectSock.o
 .group         0x0000000000000000       0x10 ./src/CConnectSock.o
 .group         0x0000000000000000       0x10 ./src/CConnectSock.o
 .group         0x0000000000000000       0x10 ./src/CConnectSock.o
 .group         0x0000000000000000       0x10 ./src/CConnectSock.o
 .group         0x0000000000000000       0x10 ./src/CConnectSock.o
 .group         0x0000000000000000       0x10 ./src/CConnectSock.o
 .group         0x0000000000000000       0x10 ./src/CConnectSock.o
 .group         0x0000000000000000       0x10 ./src/CConnectSock.o
 .group         0x0000000000000000       0x10 ./src/CConnectSock.o
 .group         0x0000000000000000       0x10 ./src/CConnectSock.o
 .group         0x0000000000000000       0x10 ./src/CConnectSock.o
 .group         0x0000000000000000       0x10 ./src/CConnectSock.o
 .group         0x0000000000000000       0x10 ./src/CConnectSock.o
 .group         0x0000000000000000       0x10 ./src/CConnectSock.o
 .group         0x0000000000000000       0x10 ./src/CConnectSock.o
 .group         0x0000000000000000       0x10 ./src/CConnectSock.o
 .group         0x0000000000000000       0x10 ./src/CConnectSock.o
 .group         0x0000000000000000       0x10 ./src/CConnectSock.o
 .group         0x0000000000000000        0x8 ./src/CConnectSock.o
 .group         0x0000000000000000        0x8 ./src/CConnectSock.o
 .group         0x0000000000000000       0x1c ./src/CConnectSock.o
 .group         0x0000000000000000        0x8 ./src/CConnectSock.o
 .group         0x0000000000000000        0x8 ./src/CConnectSock.o
 .group         0x0000000000000000        0x8 ./src/CConnectSock.o
 .group         0x0000000000000000        0x8 ./src/CConnectSock.o
 .group         0x0000000000000000        0x8 ./src/CConnectSock.o
 .group         0x0000000000000000        0x8 ./src/CConnectSock.o
 .group         0x0000000000000000        0x8 ./src/CConnectSock.o
 .group         0x0000000000000000        0x8 ./src/CConnectSock.o
 .group         0x0000000000000000        0x8 ./src/CConnectSock.o
 .group         0x0000000000000000        0x8 ./src/CConnectSock.o
 .group         0x0000000000000000        0x8 ./src/CConnectSock.o
 .group         0x0000000000000000        0x8 ./src/CConnectSock.o
 .group         0x0000000000000000       0x1c ./src/CConnectSock.o
 .group         0x0000000000000000       0x10 ./src/CConnectSock.o
 .group         0x0000000000000000       0x10 ./src/CConnectSock.o
 .group         0x0000000000000000       0x10 ./src/CConnectSock.o
 .group         0x0000000000000000       0x10 ./src/CConnectSock.o
 .group         0x0000000000000000       0x10 ./src/CConnectSock.o
 .group         0x0000000000000000       0x10 ./src/CConnectSock.o
 .group         0x0000000000000000       0x10 ./src/CConnectSock.o
 .group         0x0000000000000000       0x10 ./src/CConnectSock.o
 .group         0x0000000000000000       0x10 ./src/CConnectSock.o
 .group         0x0000000000000000       0x10 ./src/CConnectSock.o
 .group         0x0000000000000000       0x10 ./src/CConnectSock.o
 .group         0x0000000000000000       0x10 ./src/CConnectSock.o
 .group         0x0000000000000000       0x10 ./src/CConnectSock.o
 .group         0x0000000000000000       0x10 ./src/CConnectSock.o
 .group         0x0000000000000000       0x10 ./src/CConnectSock.o
 .group         0x0000000000000000        0x8 ./src/CConnectSock.o
 .group         0x0000000000000000        0x8 ./src/CConnectSock.o
 .group         0x0000000000000000        0x8 ./src/CConnectSock.o
 .group         0x0000000000000000        0x8 ./src/CConnectSock.o
 .group         0x0000000000000000        0x8 ./src/CConnectSock.o
 .group         0x0000000000000000        0x8 ./src/CConnectSock.o
 .group         0x0000000000000000        0x8 ./src/CConnectSock.o
 .group         0x0000000000000000        0x8 ./src/CConnectSock.o
 .group         0x0000000000000000        0x8 ./src/CConnectSock.o
 .group         0x0000000000000000        0x8 ./src/CConnectSock.o
 .group         0x0000000000000000        0x8 ./src/CConnectSock.o
 .group         0x0000000000000000        0x8 ./src/CConnectSock.o
 .group         0x0000000000000000        0x8 ./src/CConnectSock.o
 .group         0x0000000000000000        0x8 ./src/CConnectSock.o
 .group         0x0000000000000000        0x8 ./src/CConnectSock.o
 .group         0x0000000000000000        0x8 ./src/CConnectSock.o
 .group         0x0000000000000000        0x8 ./src/CConnectSock.o
 .group         0x0000000000000000        0x8 ./src/CConnectSock.o
 .group         0x0000000000000000        0x8 ./src/CConnectSock.o
 .group         0x0000000000000000        0x8 ./src/CConnectSock.o
 .group         0x0000000000000000        0x8 ./src/CConnectSock.o
 .group         0x0000000000000000        0x8 ./src/CConnectSock.o
 .group         0x0000000000000000        0x8 ./src/CConnectSock.o
 .group         0x0000000000000000        0x8 ./src/CConnectSock.o
 .group         0x0000000000000000        0x8 ./src/CConnectSock.o
 .group         0x0000000000000000        0x8 ./src/CConnectSock.o
 .group         0x0000000000000000        0x8 ./src/CConnectSock.o
 .group         0x0000000000000000        0x8 ./src/CConnectSock.o
 .group         0x0000000000000000        0x8 ./src/CConnectSock.o
 .group         0x0000000000000000        0x8 ./src/CConnectSock.o
 .group         0x0000000000000000        0x8 ./src/CConnectSock.o
 .group         0x0000000000000000        0x8 ./src/CConnectSock.o
 .group         0x0000000000000000        0x8 ./src/CConnectSock.o
 .group         0x0000000000000000        0x8 ./src/CConnectSock.o
 .group         0x0000000000000000        0x8 ./src/CConnectSock.o
 .group         0x0000000000000000        0x8 ./src/CConnectSock.o
 .group         0x0000000000000000        0x8 ./src/CConnectSock.o
 .group         0x0000000000000000        0x8 ./src/CConnectSock.o
 .group         0x0000000000000000        0x8 ./src/CConnectSock.o
 .group         0x0000000000000000        0x8 ./src/CConnectSock.o
 .group         0x0000000000000000        0x8 ./src/CConnectSock.o
 .group         0x0000000000000000        0x8 ./src/CConnectSock.o
 .group         0x0000000000000000        0x8 ./src/CConnectSock.o
 .group         0x0000000000000000        0x8 ./src/CConnectSock.o
 .group         0x0000000000000000        0x8 ./src/CConnectSock.o
 .group         0x0000000000000000        0x8 ./src/CConnectSock.o
 .group         0x0000000000000000        0x8 ./src/CConnectSock.o
 .group         0x0000000000000000        0x8 ./src/CConnectSock.o
 .group         0x0000000000000000        0x8 ./src/CConnectSock.o
 .group         0x0000000000000000        0x8 ./src/CConnectSock.o
 .group         0x0000000000000000        0x8 ./src/CConnectSock.o
 .group         0x0000000000000000        0x8 ./src/CConnectSock.o
 .group         0x0000000000000000        0x8 ./src/CConnectSock.o
 .group         0x0000000000000000        0x8 ./src/CConnectSock.o
 .group         0x0000000000000000        0x8 ./src/CConnectSock.o
 .group         0x0000000000000000        0x8 ./src/CConnectSock.o
 .group         0x0000000000000000        0x8 ./src/CConnectSock.o
 .group         0x0000000000000000        0x8 ./src/CConnectSock.o
 .group         0x0000000000000000        0x8 ./src/CConnectSock.o
 .group         0x0000000000000000        0x8 ./src/CConnectSock.o
 .group         0x0000000000000000        0x8 ./src/CConnectSock.o
 .group         0x0000000000000000        0x8 ./src/CConnectSock.o
 .group         0x0000000000000000        0x8 ./src/CConnectSock.o
 .group         0x0000000000000000        0x8 ./src/CConnectSock.o
 .group         0x0000000000000000        0x8 ./src/CConnectSock.o
 .group         0x0000000000000000        0x8 ./src/CConnectSock.o
 .group         0x0000000000000000        0x8 ./src/CConnectSock.o
 .group         0x0000000000000000        0x8 ./src/CConnectSock.o
 .group         0x0000000000000000        0x8 ./src/CConnectSock.o
 .group         0x0000000000000000        0x8 ./src/CConnectSock.o
 .group         0x0000000000000000        0x8 ./src/CConnectSock.o
 .group         0x0000000000000000        0x8 ./src/CConnectSock.o
 .group         0x0000000000000000        0x8 ./src/CConnectSock.o
 .group         0x0000000000000000        0x8 ./src/CConnectSock.o
 .group         0x0000000000000000        0x8 ./src/CConnectSock.o
 .group         0x0000000000000000        0x8 ./src/CConnectSock.o
 .group         0x0000000000000000        0x8 ./src/CConnectSock.o
 .group         0x0000000000000000        0x8 ./src/CConnectSock.o
 .group         0x0000000000000000        0x8 ./src/CConnectSock.o
 .group         0x0000000000000000        0x8 ./src/CConnectSock.o
 .group         0x0000000000000000        0x8 ./src/CConnectSock.o
 .group         0x0000000000000000        0x8 ./src/CConnectSock.o
 .group         0x0000000000000000        0x8 ./src/CConnectSock.o
 .group         0x0000000000000000        0x8 ./src/CConnectSock.o
 .group         0x0000000000000000        0x8 ./src/CConnectSock.o
 .group         0x0000000000000000        0x8 ./src/CConnectSock.o
 .group         0x0000000000000000        0x8 ./src/CConnectSock.o
 .group         0x0000000000000000        0x8 ./src/CConnectSock.o
 .group         0x0000000000000000        0x8 ./src/CConnectSock.o
 .group         0x0000000000000000        0x8 ./src/CConnectSock.o
 .group         0x0000000000000000        0x8 ./src/CConnectSock.o
 .group         0x0000000000000000        0x8 ./src/CConnectSock.o
 .group         0x0000000000000000        0x8 ./src/CConnectSock.o
 .group         0x0000000000000000        0x8 ./src/CConnectSock.o
 .group         0x0000000000000000        0x8 ./src/CConnectSock.o
 .group         0x0000000000000000        0x8 ./src/CConnectSock.o
 .group         0x0000000000000000        0x8 ./src/CConnectSock.o
 .group         0x0000000000000000        0x8 ./src/CConnectSock.o
 .group         0x0000000000000000        0x8 ./src/CConnectSock.o
 .group         0x0000000000000000        0x8 ./src/CConnectSock.o
 .group         0x0000000000000000        0x8 ./src/CConnectSock.o
 .group         0x0000000000000000        0x8 ./src/CConnectSock.o
 .group         0x0000000000000000        0x8 ./src/CConnectSock.o
 .group         0x0000000000000000        0x8 ./src/CConnectSock.o
 .group         0x0000000000000000        0x8 ./src/CConnectSock.o
 .group         0x0000000000000000        0x8 ./src/CConnectSock.o
 .group         0x0000000000000000        0x8 ./src/CConnectSock.o
 .group         0x0000000000000000        0x8 ./src/CConnectSock.o
 .group         0x0000000000000000        0x8 ./src/CConnectSock.o
 .group         0x0000000000000000        0x8 ./src/CConnectSock.o
 .group         0x0000000000000000        0x8 ./src/CConnectSock.o
 .group         0x0000000000000000        0x8 ./src/CConnectSock.o
 .group         0x0000000000000000        0x8 ./src/CConnectSock.o
 .group         0x0000000000000000        0x8 ./src/CConnectSock.o
 .group         0x0000000000000000        0x8 ./src/CConnectSock.o
 .group         0x0000000000000000        0x8 ./src/CConnectSock.o
 .group         0x0000000000000000        0x8 ./src/CConnectSock.o
 .group         0x0000000000000000        0x8 ./src/CConnectSock.o
 .group         0x0000000000000000        0x8 ./src/CConnectSock.o
 .group         0x0000000000000000        0x8 ./src/CConnectSock.o
 .group         0x0000000000000000        0x8 ./src/CConnectSock.o
 .group         0x0000000000000000        0x8 ./src/CConnectSock.o
 .group         0x0000000000000000        0x8 ./src/CConnectSock.o
 .group         0x0000000000000000        0x8 ./src/CConnectSock.o
 .group         0x0000000000000000        0x8 ./src/CConnectSock.o
 .group         0x0000000000000000        0x8 ./src/CConnectSock.o
 .group         0x0000000000000000        0x8 ./src/CConnectSock.o
 .group         0x0000000000000000        0x8 ./src/CConnectSock.o
 .group         0x0000000000000000        0x8 ./src/CConnectSock.o
 .group         0x0000000000000000        0x8 ./src/CConnectSock.o
 .group         0x0000000000000000        0x8 ./src/CConnectSock.o
 .group         0x0000000000000000        0x8 ./src/CConnectSock.o
 .group         0x0000000000000000        0x8 ./src/CConnectSock.o
 .group         0x0000000000000000        0x8 ./src/CConnectSock.o
 .group         0x0000000000000000        0x8 ./src/CConnectSock.o
 .group         0x0000000000000000        0x8 ./src/CConnectSock.o
 .group         0x0000000000000000        0x8 ./src/CConnectSock.o
 .group         0x0000000000000000        0x8 ./src/CConnectSock.o
 .group         0x0000000000000000        0x8 ./src/CConnectSock.o
 .group         0x0000000000000000        0x8 ./src/CConnectSock.o
 .group         0x0000000000000000        0x8 ./src/CConnectSock.o
 .group         0x0000000000000000        0x8 ./src/CConnectSock.o
 .group         0x0000000000000000        0x8 ./src/CConnectSock.o
 .group         0x0000000000000000        0x8 ./src/CConnectSock.o
 .group         0x0000000000000000        0x8 ./src/CConnectSock.o
 .group         0x0000000000000000        0x8 ./src/CConnectSock.o
 .group         0x0000000000000000        0x8 ./src/CConnectSock.o
 .group         0x0000000000000000        0x8 ./src/CConnectSock.o
 .group         0x0000000000000000        0x8 ./src/CConnectSock.o
 .group         0x0000000000000000        0x8 ./src/CConnectSock.o
 .group         0x0000000000000000        0x8 ./src/CConnectSock.o
 .group         0x0000000000000000        0x8 ./src/CConnectSock.o
 .group         0x0000000000000000        0x8 ./src/CConnectSock.o
 .group         0x0000000000000000        0x8 ./src/CConnectSock.o
 .group         0x0000000000000000        0x8 ./src/CConnectSock.o
 .group         0x0000000000000000        0x8 ./src/CConnectSock.o
 .text          0x0000000000000000        0x0 ./src/CConnectSock.o
 .data          0x0000000000000000        0x0 ./src/CConnectSock.o
 .bss           0x0000000000000000        0x0 ./src/CConnectSock.o
 .rodata._ZStL19piecewise_construct
                0x0000000000000000        0x4 ./src/CConnectSock.o
 .ARM.extab.text._ZL18__gthread_active_pv
                0x0000000000000000        0x0 ./src/CConnectSock.o
 .ARM.extab.text._ZL15__gthread_equalmm
                0x0000000000000000        0x0 ./src/CConnectSock.o
 .ARM.extab.text._ZL20__gthread_mutex_lockP15pthread_mutex_t
                0x0000000000000000        0x0 ./src/CConnectSock.o
 .ARM.extab.text._ZL22__gthread_mutex_unlockP15pthread_mutex_t
                0x0000000000000000        0x0 ./src/CConnectSock.o
 .ARM.extab.text._ZN9__gnu_cxxL18__exchange_and_addEPVii
                0x0000000000000000        0x0 ./src/CConnectSock.o
 .ARM.extab.text._ZN9__gnu_cxxL25__exchange_and_add_singleEPii
                0x0000000000000000        0x0 ./src/CConnectSock.o
 .ARM.extab.text._ZN9__gnu_cxxL27__exchange_and_add_dispatchEPii
                0x0000000000000000        0x0 ./src/CConnectSock.o
 .rodata._ZStL13allocator_arg
                0x0000000000000000        0x4 ./src/CConnectSock.o
 .rodata._ZStL6ignore
                0x0000000000000000        0x4 ./src/CConnectSock.o
 .rodata._ZN9__gnu_cxxL21__default_lock_policyE
                0x0000000000000000        0x4 ./src/CConnectSock.o
 .rodata._ZStL10defer_lock
                0x0000000000000000        0x4 ./src/CConnectSock.o
 .rodata._ZStL11try_to_lock
                0x0000000000000000        0x4 ./src/CConnectSock.o
 .rodata._ZStL10adopt_lock
                0x0000000000000000        0x4 ./src/CConnectSock.o
 .text._ZN12CConnectSockC2Ev
                0x0000000000000000       0x38 ./src/CConnectSock.o
 .ARM.extab.text._ZN12CConnectSockC2Ev
                0x0000000000000000        0xc ./src/CConnectSock.o
 .ARM.exidx.text._ZN12CConnectSockC2Ev
                0x0000000000000000        0x8 ./src/CConnectSock.o
 .ARM.extab.text._ZN12CConnectSockD0Ev
                0x0000000000000000        0x0 ./src/CConnectSock.o
 .ARM.extab.text._ZN12CConnectSock7destroyEv
                0x0000000000000000        0x0 ./src/CConnectSock.o
 .note.GNU-stack
                0x0000000000000000        0x0 ./src/CConnectSock.o
 .group         0x0000000000000000       0x10 ./src/CServerSock.o
 .group         0x0000000000000000       0x10 ./src/CServerSock.o
 .group         0x0000000000000000       0x10 ./src/CServerSock.o
 .group         0x0000000000000000       0x10 ./src/CServerSock.o
 .group         0x0000000000000000       0x10 ./src/CServerSock.o
 .group         0x0000000000000000       0x10 ./src/CServerSock.o
 .group         0x0000000000000000       0x10 ./src/CServerSock.o
 .group         0x0000000000000000       0x10 ./src/CServerSock.o
 .group         0x0000000000000000       0x10 ./src/CServerSock.o
 .group         0x0000000000000000       0x10 ./src/CServerSock.o
 .group         0x0000000000000000       0x10 ./src/CServerSock.o
 .group         0x0000000000000000       0x10 ./src/CServerSock.o
 .group         0x0000000000000000       0x10 ./src/CServerSock.o
 .group         0x0000000000000000       0x10 ./src/CServerSock.o
 .group         0x0000000000000000       0x10 ./src/CServerSock.o
 .group         0x0000000000000000       0x1c ./src/CServerSock.o
 .group         0x0000000000000000       0x10 ./src/CServerSock.o
 .group         0x0000000000000000       0x10 ./src/CServerSock.o
 .group         0x0000000000000000       0x10 ./src/CServerSock.o
 .group         0x0000000000000000       0x10 ./src/CServerSock.o
 .group         0x0000000000000000       0x10 ./src/CServerSock.o
 .group         0x0000000000000000       0x10 ./src/CServerSock.o
 .group         0x0000000000000000       0x10 ./src/CServerSock.o
 .group         0x0000000000000000       0x10 ./src/CServerSock.o
 .group         0x0000000000000000       0x10 ./src/CServerSock.o
 .group         0x0000000000000000       0x10 ./src/CServerSock.o
 .group         0x0000000000000000       0x10 ./src/CServerSock.o
 .group         0x0000000000000000       0x10 ./src/CServerSock.o
 .group         0x0000000000000000       0x10 ./src/CServerSock.o
 .group         0x0000000000000000       0x10 ./src/CServerSock.o
 .group         0x0000000000000000       0x10 ./src/CServerSock.o
 .group         0x0000000000000000       0x10 ./src/CServerSock.o
 .group         0x0000000000000000       0x10 ./src/CServerSock.o
 .group         0x0000000000000000       0x10 ./src/CServerSock.o
 .group         0x0000000000000000       0x10 ./src/CServerSock.o
 .group         0x0000000000000000       0x10 ./src/CServerSock.o
 .group         0x0000000000000000       0x10 ./src/CServerSock.o
 .group         0x0000000000000000       0x10 ./src/CServerSock.o
 .group         0x0000000000000000       0x10 ./src/CServerSock.o
 .group         0x0000000000000000       0x10 ./src/CServerSock.o
 .group         0x0000000000000000       0x10 ./src/CServerSock.o
 .group         0x0000000000000000       0x10 ./src/CServerSock.o
 .group         0x0000000000000000       0x10 ./src/CServerSock.o
 .group         0x0000000000000000       0x10 ./src/CServerSock.o
 .group         0x0000000000000000       0x10 ./src/CServerSock.o
 .group         0x0000000000000000       0x10 ./src/CServerSock.o
 .group         0x0000000000000000       0x10 ./src/CServerSock.o
 .group         0x0000000000000000       0x10 ./src/CServerSock.o
 .group         0x0000000000000000       0x10 ./src/CServerSock.o
 .group         0x0000000000000000       0x10 ./src/CServerSock.o
 .group         0x0000000000000000       0x10 ./src/CServerSock.o
 .group         0x0000000000000000       0x10 ./src/CServerSock.o
 .group         0x0000000000000000       0x10 ./src/CServerSock.o
 .group         0x0000000000000000       0x10 ./src/CServerSock.o
 .group         0x0000000000000000       0x10 ./src/CServerSock.o
 .group         0x0000000000000000       0x10 ./src/CServerSock.o
 .group         0x0000000000000000       0x10 ./src/CServerSock.o
 .group         0x0000000000000000       0x10 ./src/CServerSock.o
 .group         0x0000000000000000       0x10 ./src/CServerSock.o
 .group         0x0000000000000000       0x10 ./src/CServerSock.o
 .group         0x0000000000000000       0x10 ./src/CServerSock.o
 .group         0x0000000000000000       0x10 ./src/CServerSock.o
 .group         0x0000000000000000       0x10 ./src/CServerSock.o
 .group         0x0000000000000000       0x10 ./src/CServerSock.o
 .group         0x0000000000000000       0x10 ./src/CServerSock.o
 .group         0x0000000000000000       0x10 ./src/CServerSock.o
 .group         0x0000000000000000       0x10 ./src/CServerSock.o
 .group         0x0000000000000000       0x10 ./src/CServerSock.o
 .group         0x0000000000000000       0x10 ./src/CServerSock.o
 .group         0x0000000000000000       0x1c ./src/CServerSock.o
 .group         0x0000000000000000       0x10 ./src/CServerSock.o
 .group         0x0000000000000000       0x10 ./src/CServerSock.o
 .group         0x0000000000000000       0x10 ./src/CServerSock.o
 .group         0x0000000000000000       0x10 ./src/CServerSock.o
 .group         0x0000000000000000       0x10 ./src/CServerSock.o
 .group         0x0000000000000000       0x10 ./src/CServerSock.o
 .group         0x0000000000000000       0x10 ./src/CServerSock.o
 .group         0x0000000000000000       0x10 ./src/CServerSock.o
 .group         0x0000000000000000       0x10 ./src/CServerSock.o
 .group         0x0000000000000000       0x10 ./src/CServerSock.o
 .group         0x0000000000000000       0x10 ./src/CServerSock.o
 .group         0x0000000000000000       0x10 ./src/CServerSock.o
 .group         0x0000000000000000       0x10 ./src/CServerSock.o
 .group         0x0000000000000000       0x10 ./src/CServerSock.o
 .group         0x0000000000000000       0x10 ./src/CServerSock.o
 .group         0x0000000000000000       0x10 ./src/CServerSock.o
 .group         0x0000000000000000       0x10 ./src/CServerSock.o
 .group         0x0000000000000000       0x10 ./src/CServerSock.o
 .group         0x0000000000000000       0x10 ./src/CServerSock.o
 .group         0x0000000000000000       0x10 ./src/CServerSock.o
 .group         0x0000000000000000       0x10 ./src/CServerSock.o
 .group         0x0000000000000000       0x10 ./src/CServerSock.o
 .group         0x0000000000000000       0x10 ./src/CServerSock.o
 .group         0x0000000000000000       0x10 ./src/CServerSock.o
 .group         0x0000000000000000       0x10 ./src/CServerSock.o
 .group         0x0000000000000000       0x10 ./src/CServerSock.o
 .group         0x0000000000000000       0x10 ./src/CServerSock.o
 .group         0x0000000000000000       0x10 ./src/CServerSock.o
 .group         0x0000000000000000       0x10 ./src/CServerSock.o
 .group         0x0000000000000000       0x10 ./src/CServerSock.o
 .group         0x0000000000000000       0x10 ./src/CServerSock.o
 .group         0x0000000000000000       0x10 ./src/CServerSock.o
 .group         0x0000000000000000       0x10 ./src/CServerSock.o
 .group         0x0000000000000000       0x10 ./src/CServerSock.o
 .group         0x0000000000000000       0x10 ./src/CServerSock.o
 .group         0x0000000000000000       0x10 ./src/CServerSock.o
 .group         0x0000000000000000       0x10 ./src/CServerSock.o
 .group         0x0000000000000000       0x10 ./src/CServerSock.o
 .group         0x0000000000000000       0x10 ./src/CServerSock.o
 .group         0x0000000000000000       0x10 ./src/CServerSock.o
 .group         0x0000000000000000       0x10 ./src/CServerSock.o
 .group         0x0000000000000000       0x10 ./src/CServerSock.o
 .group         0x0000000000000000       0x10 ./src/CServerSock.o
 .group         0x0000000000000000       0x10 ./src/CServerSock.o
 .group         0x0000000000000000       0x10 ./src/CServerSock.o
 .group         0x0000000000000000       0x10 ./src/CServerSock.o
 .group         0x0000000000000000       0x10 ./src/CServerSock.o
 .group         0x0000000000000000       0x10 ./src/CServerSock.o
 .group         0x0000000000000000       0x10 ./src/CServerSock.o
 .group         0x0000000000000000       0x10 ./src/CServerSock.o
 .group         0x0000000000000000        0x8 ./src/CServerSock.o
 .group         0x0000000000000000        0x8 ./src/CServerSock.o
 .group         0x0000000000000000       0x1c ./src/CServerSock.o
 .group         0x0000000000000000        0x8 ./src/CServerSock.o
 .group         0x0000000000000000        0x8 ./src/CServerSock.o
 .group         0x0000000000000000        0x8 ./src/CServerSock.o
 .group         0x0000000000000000        0x8 ./src/CServerSock.o
 .group         0x0000000000000000        0x8 ./src/CServerSock.o
 .group         0x0000000000000000        0x8 ./src/CServerSock.o
 .group         0x0000000000000000        0x8 ./src/CServerSock.o
 .group         0x0000000000000000        0x8 ./src/CServerSock.o
 .group         0x0000000000000000        0x8 ./src/CServerSock.o
 .group         0x0000000000000000        0x8 ./src/CServerSock.o
 .group         0x0000000000000000        0x8 ./src/CServerSock.o
 .group         0x0000000000000000        0x8 ./src/CServerSock.o
 .group         0x0000000000000000       0x1c ./src/CServerSock.o
 .group         0x0000000000000000       0x10 ./src/CServerSock.o
 .group         0x0000000000000000       0x10 ./src/CServerSock.o
 .group         0x0000000000000000       0x10 ./src/CServerSock.o
 .group         0x0000000000000000       0x10 ./src/CServerSock.o
 .group         0x0000000000000000       0x10 ./src/CServerSock.o
 .group         0x0000000000000000       0x10 ./src/CServerSock.o
 .group         0x0000000000000000       0x10 ./src/CServerSock.o
 .group         0x0000000000000000       0x10 ./src/CServerSock.o
 .group         0x0000000000000000       0x10 ./src/CServerSock.o
 .group         0x0000000000000000       0x10 ./src/CServerSock.o
 .group         0x0000000000000000       0x10 ./src/CServerSock.o
 .group         0x0000000000000000       0x10 ./src/CServerSock.o
 .group         0x0000000000000000       0x10 ./src/CServerSock.o
 .group         0x0000000000000000       0x10 ./src/CServerSock.o
 .group         0x0000000000000000       0x10 ./src/CServerSock.o
 .group         0x0000000000000000        0x8 ./src/CServerSock.o
 .group         0x0000000000000000        0x8 ./src/CServerSock.o
 .group         0x0000000000000000        0x8 ./src/CServerSock.o
 .group         0x0000000000000000        0x8 ./src/CServerSock.o
 .group         0x0000000000000000        0x8 ./src/CServerSock.o
 .group         0x0000000000000000        0x8 ./src/CServerSock.o
 .group         0x0000000000000000        0x8 ./src/CServerSock.o
 .group         0x0000000000000000        0x8 ./src/CServerSock.o
 .group         0x0000000000000000        0x8 ./src/CServerSock.o
 .group         0x0000000000000000        0x8 ./src/CServerSock.o
 .group         0x0000000000000000        0x8 ./src/CServerSock.o
 .group         0x0000000000000000        0x8 ./src/CServerSock.o
 .group         0x0000000000000000        0x8 ./src/CServerSock.o
 .group         0x0000000000000000        0x8 ./src/CServerSock.o
 .group         0x0000000000000000        0x8 ./src/CServerSock.o
 .group         0x0000000000000000        0x8 ./src/CServerSock.o
 .group         0x0000000000000000        0x8 ./src/CServerSock.o
 .group         0x0000000000000000        0x8 ./src/CServerSock.o
 .group         0x0000000000000000        0x8 ./src/CServerSock.o
 .group         0x0000000000000000        0x8 ./src/CServerSock.o
 .group         0x0000000000000000        0x8 ./src/CServerSock.o
 .group         0x0000000000000000        0x8 ./src/CServerSock.o
 .group         0x0000000000000000        0x8 ./src/CServerSock.o
 .group         0x0000000000000000        0x8 ./src/CServerSock.o
 .group         0x0000000000000000        0x8 ./src/CServerSock.o
 .group         0x0000000000000000        0x8 ./src/CServerSock.o
 .group         0x0000000000000000        0x8 ./src/CServerSock.o
 .group         0x0000000000000000        0x8 ./src/CServerSock.o
 .group         0x0000000000000000        0x8 ./src/CServerSock.o
 .group         0x0000000000000000        0x8 ./src/CServerSock.o
 .group         0x0000000000000000        0x8 ./src/CServerSock.o
 .group         0x0000000000000000        0x8 ./src/CServerSock.o
 .group         0x0000000000000000        0x8 ./src/CServerSock.o
 .group         0x0000000000000000        0x8 ./src/CServerSock.o
 .group         0x0000000000000000        0x8 ./src/CServerSock.o
 .group         0x0000000000000000        0x8 ./src/CServerSock.o
 .group         0x0000000000000000        0x8 ./src/CServerSock.o
 .group         0x0000000000000000        0x8 ./src/CServerSock.o
 .group         0x0000000000000000        0x8 ./src/CServerSock.o
 .group         0x0000000000000000        0x8 ./src/CServerSock.o
 .group         0x0000000000000000        0x8 ./src/CServerSock.o
 .group         0x0000000000000000        0x8 ./src/CServerSock.o
 .group         0x0000000000000000        0x8 ./src/CServerSock.o
 .group         0x0000000000000000        0x8 ./src/CServerSock.o
 .group         0x0000000000000000        0x8 ./src/CServerSock.o
 .group         0x0000000000000000        0x8 ./src/CServerSock.o
 .group         0x0000000000000000        0x8 ./src/CServerSock.o
 .group         0x0000000000000000        0x8 ./src/CServerSock.o
 .group         0x0000000000000000        0x8 ./src/CServerSock.o
 .group         0x0000000000000000        0x8 ./src/CServerSock.o
 .group         0x0000000000000000        0x8 ./src/CServerSock.o
 .group         0x0000000000000000        0x8 ./src/CServerSock.o
 .group         0x0000000000000000        0x8 ./src/CServerSock.o
 .group         0x0000000000000000        0x8 ./src/CServerSock.o
 .group         0x0000000000000000        0x8 ./src/CServerSock.o
 .group         0x0000000000000000        0x8 ./src/CServerSock.o
 .group         0x0000000000000000        0x8 ./src/CServerSock.o
 .group         0x0000000000000000        0x8 ./src/CServerSock.o
 .group         0x0000000000000000        0x8 ./src/CServerSock.o
 .group         0x0000000000000000        0x8 ./src/CServerSock.o
 .group         0x0000000000000000        0x8 ./src/CServerSock.o
 .group         0x0000000000000000        0x8 ./src/CServerSock.o
 .group         0x0000000000000000        0x8 ./src/CServerSock.o
 .group         0x0000000000000000        0x8 ./src/CServerSock.o
 .group         0x0000000000000000        0x8 ./src/CServerSock.o
 .group         0x0000000000000000        0x8 ./src/CServerSock.o
 .group         0x0000000000000000        0x8 ./src/CServerSock.o
 .group         0x0000000000000000        0x8 ./src/CServerSock.o
 .group         0x0000000000000000        0x8 ./src/CServerSock.o
 .group         0x0000000000000000        0x8 ./src/CServerSock.o
 .group         0x0000000000000000        0x8 ./src/CServerSock.o
 .group         0x0000000000000000        0x8 ./src/CServerSock.o
 .group         0x0000000000000000        0x8 ./src/CServerSock.o
 .group         0x0000000000000000        0x8 ./src/CServerSock.o
 .group         0x0000000000000000        0x8 ./src/CServerSock.o
 .group         0x0000000000000000        0x8 ./src/CServerSock.o
 .group         0x0000000000000000        0x8 ./src/CServerSock.o
 .group         0x0000000000000000        0x8 ./src/CServerSock.o
 .group         0x0000000000000000        0x8 ./src/CServerSock.o
 .group         0x0000000000000000        0x8 ./src/CServerSock.o
 .group         0x0000000000000000        0x8 ./src/CServerSock.o
 .group         0x0000000000000000        0x8 ./src/CServerSock.o
 .group         0x0000000000000000        0x8 ./src/CServerSock.o
 .group         0x0000000000000000        0x8 ./src/CServerSock.o
 .group         0x0000000000000000        0x8 ./src/CServerSock.o
 .group         0x0000000000000000        0x8 ./src/CServerSock.o
 .group         0x0000000000000000        0x8 ./src/CServerSock.o
 .group         0x0000000000000000        0x8 ./src/CServerSock.o
 .group         0x0000000000000000        0x8 ./src/CServerSock.o
 .group         0x0000000000000000        0x8 ./src/CServerSock.o
 .group         0x0000000000000000        0x8 ./src/CServerSock.o
 .group         0x0000000000000000        0x8 ./src/CServerSock.o
 .group         0x0000000000000000        0x8 ./src/CServerSock.o
 .group         0x0000000000000000        0x8 ./src/CServerSock.o
 .group         0x0000000000000000        0x8 ./src/CServerSock.o
 .group         0x0000000000000000        0x8 ./src/CServerSock.o
 .group         0x0000000000000000        0x8 ./src/CServerSock.o
 .group         0x0000000000000000        0x8 ./src/CServerSock.o
 .group         0x0000000000000000        0x8 ./src/CServerSock.o
 .group         0x0000000000000000        0x8 ./src/CServerSock.o
 .group         0x0000000000000000        0x8 ./src/CServerSock.o
 .group         0x0000000000000000        0x8 ./src/CServerSock.o
 .group         0x0000000000000000        0x8 ./src/CServerSock.o
 .group         0x0000000000000000        0x8 ./src/CServerSock.o
 .group         0x0000000000000000        0x8 ./src/CServerSock.o
 .group         0x0000000000000000        0x8 ./src/CServerSock.o
 .group         0x0000000000000000        0x8 ./src/CServerSock.o
 .group         0x0000000000000000        0x8 ./src/CServerSock.o
 .group         0x0000000000000000        0x8 ./src/CServerSock.o
 .group         0x0000000000000000        0x8 ./src/CServerSock.o
 .group         0x0000000000000000        0x8 ./src/CServerSock.o
 .group         0x0000000000000000        0x8 ./src/CServerSock.o
 .group         0x0000000000000000        0x8 ./src/CServerSock.o
 .group         0x0000000000000000        0x8 ./src/CServerSock.o
 .group         0x0000000000000000        0x8 ./src/CServerSock.o
 .group         0x0000000000000000        0x8 ./src/CServerSock.o
 .group         0x0000000000000000        0x8 ./src/CServerSock.o
 .group         0x0000000000000000        0x8 ./src/CServerSock.o
 .group         0x0000000000000000        0x8 ./src/CServerSock.o
 .group         0x0000000000000000        0x8 ./src/CServerSock.o
 .group         0x0000000000000000        0x8 ./src/CServerSock.o
 .group         0x0000000000000000        0x8 ./src/CServerSock.o
 .group         0x0000000000000000        0x8 ./src/CServerSock.o
 .group         0x0000000000000000        0x8 ./src/CServerSock.o
 .group         0x0000000000000000        0x8 ./src/CServerSock.o
 .group         0x0000000000000000        0x8 ./src/CServerSock.o
 .group         0x0000000000000000        0x8 ./src/CServerSock.o
 .group         0x0000000000000000        0x8 ./src/CServerSock.o
 .group         0x0000000000000000        0x8 ./src/CServerSock.o
 .group         0x0000000000000000        0x8 ./src/CServerSock.o
 .group         0x0000000000000000        0x8 ./src/CServerSock.o
 .group         0x0000000000000000        0x8 ./src/CServerSock.o
 .group         0x0000000000000000        0x8 ./src/CServerSock.o
 .group         0x0000000000000000        0x8 ./src/CServerSock.o
 .group         0x0000000000000000        0x8 ./src/CServerSock.o
 .group         0x0000000000000000        0x8 ./src/CServerSock.o
 .group         0x0000000000000000        0x8 ./src/CServerSock.o
 .group         0x0000000000000000        0x8 ./src/CServerSock.o
 .group         0x0000000000000000        0x8 ./src/CServerSock.o
 .group         0x0000000000000000        0x8 ./src/CServerSock.o
 .group         0x0000000000000000        0x8 ./src/CServerSock.o
 .group         0x0000000000000000        0x8 ./src/CServerSock.o
 .group         0x0000000000000000        0x8 ./src/CServerSock.o
 .group         0x0000000000000000        0x8 ./src/CServerSock.o
 .group         0x0000000000000000        0x8 ./src/CServerSock.o
 .group         0x0000000000000000        0x8 ./src/CServerSock.o
 .group         0x0000000000000000        0x8 ./src/CServerSock.o
 .group         0x0000000000000000        0x8 ./src/CServerSock.o
 .group         0x0000000000000000        0x8 ./src/CServerSock.o
 .group         0x0000000000000000        0x8 ./src/CServerSock.o
 .group         0x0000000000000000        0x8 ./src/CServerSock.o
 .group         0x0000000000000000        0x8 ./src/CServerSock.o
 .group         0x0000000000000000        0x8 ./src/CServerSock.o
 .group         0x0000000000000000        0x8 ./src/CServerSock.o
 .group         0x0000000000000000        0x8 ./src/CServerSock.o
 .group         0x0000000000000000        0x8 ./src/CServerSock.o
 .text          0x0000000000000000        0x0 ./src/CServerSock.o
 .data          0x0000000000000000        0x0 ./src/CServerSock.o
 .bss           0x0000000000000000        0x0 ./src/CServerSock.o
 .text._ZNSt6chrono8durationIxSt5ratioILx1ELx1000000000EEEC1IxvEERKT_
                0x0000000000000000       0x24 ./src/CServerSock.o
 .ARM.extab.text._ZNSt6chrono8durationIxSt5ratioILx1ELx1000000000EEEC1IxvEERKT_
                0x0000000000000000        0x0 ./src/CServerSock.o
 .ARM.exidx.text._ZNSt6chrono8durationIxSt5ratioILx1ELx1000000000EEEC1IxvEERKT_
                0x0000000000000000        0x8 ./src/CServerSock.o
 .text._ZNSt6chrono15duration_valuesIxE4zeroEv
                0x0000000000000000       0x18 ./src/CServerSock.o
 .ARM.extab.text._ZNSt6chrono15duration_valuesIxE4zeroEv
                0x0000000000000000        0x0 ./src/CServerSock.o
 .ARM.exidx.text._ZNSt6chrono15duration_valuesIxE4zeroEv
                0x0000000000000000        0x8 ./src/CServerSock.o
 .text._ZNKSt6chrono8durationIxSt5ratioILx1ELx1000000000EEE5countEv
                0x0000000000000000       0x1c ./src/CServerSock.o
 .ARM.extab.text._ZNKSt6chrono8durationIxSt5ratioILx1ELx1000000000EEE5countEv
                0x0000000000000000        0x0 ./src/CServerSock.o
 .ARM.exidx.text._ZNKSt6chrono8durationIxSt5ratioILx1ELx1000000000EEE5countEv
                0x0000000000000000        0x8 ./src/CServerSock.o
 .text._ZNSt6chrono8durationIxSt5ratioILx1ELx1EEEC1IxvEERKT_
                0x0000000000000000       0x24 ./src/CServerSock.o
 .ARM.extab.text._ZNSt6chrono8durationIxSt5ratioILx1ELx1EEEC1IxvEERKT_
                0x0000000000000000        0x0 ./src/CServerSock.o
 .ARM.exidx.text._ZNSt6chrono8durationIxSt5ratioILx1ELx1EEEC1IxvEERKT_
                0x0000000000000000        0x8 ./src/CServerSock.o
 .text._ZNKSt6chrono8durationIxSt5ratioILx1ELx1EEE5countEv
                0x0000000000000000       0x1c ./src/CServerSock.o
 .ARM.extab.text._ZNKSt6chrono8durationIxSt5ratioILx1ELx1EEE5countEv
                0x0000000000000000        0x0 ./src/CServerSock.o
 .ARM.exidx.text._ZNKSt6chrono8durationIxSt5ratioILx1ELx1EEE5countEv
                0x0000000000000000        0x8 ./src/CServerSock.o
 .text._ZnwjPv  0x0000000000000000       0x18 ./src/CServerSock.o
 .ARM.extab.text._ZnwjPv
                0x0000000000000000        0x0 ./src/CServerSock.o
 .ARM.exidx.text._ZnwjPv
                0x0000000000000000        0x8 ./src/CServerSock.o
 .text._ZdlPvS_
                0x0000000000000000       0x18 ./src/CServerSock.o
 .ARM.extab.text._ZdlPvS_
                0x0000000000000000        0x0 ./src/CServerSock.o
 .ARM.exidx.text._ZdlPvS_
                0x0000000000000000        0x8 ./src/CServerSock.o
 .rodata._ZStL19piecewise_construct
                0x0000000000000000        0x4 ./src/CServerSock.o
 .text._ZL18__gthread_active_pv
                0x0000000000000000       0x24 ./src/CServerSock.o
 .ARM.extab.text._ZL18__gthread_active_pv
                0x0000000000000000        0x0 ./src/CServerSock.o
 .ARM.exidx.text._ZL18__gthread_active_pv
                0x0000000000000000        0x8 ./src/CServerSock.o
 .text._ZL15__gthread_equalmm
                0x0000000000000000       0x1c ./src/CServerSock.o
 .ARM.extab.text._ZL15__gthread_equalmm
                0x0000000000000000        0x0 ./src/CServerSock.o
 .ARM.exidx.text._ZL15__gthread_equalmm
                0x0000000000000000        0x8 ./src/CServerSock.o
 .text._ZN9__gnu_cxxL18__exchange_and_addEPVii
                0x0000000000000000       0x34 ./src/CServerSock.o
 .ARM.extab.text._ZN9__gnu_cxxL18__exchange_and_addEPVii
                0x0000000000000000        0x0 ./src/CServerSock.o
 .ARM.exidx.text._ZN9__gnu_cxxL18__exchange_and_addEPVii
                0x0000000000000000        0x8 ./src/CServerSock.o
 .text._ZN9__gnu_cxxL25__exchange_and_add_singleEPii
                0x0000000000000000       0x2c ./src/CServerSock.o
 .ARM.extab.text._ZN9__gnu_cxxL25__exchange_and_add_singleEPii
                0x0000000000000000        0x0 ./src/CServerSock.o
 .ARM.exidx.text._ZN9__gnu_cxxL25__exchange_and_add_singleEPii
                0x0000000000000000        0x8 ./src/CServerSock.o
 .text._ZN9__gnu_cxxL27__exchange_and_add_dispatchEPii
                0x0000000000000000       0x3c ./src/CServerSock.o
 .ARM.extab.text._ZN9__gnu_cxxL27__exchange_and_add_dispatchEPii
                0x0000000000000000        0x0 ./src/CServerSock.o
 .ARM.exidx.text._ZN9__gnu_cxxL27__exchange_and_add_dispatchEPii
                0x0000000000000000        0x8 ./src/CServerSock.o
 .rodata._ZStL13allocator_arg
                0x0000000000000000        0x4 ./src/CServerSock.o
 .rodata._ZStL6ignore
                0x0000000000000000        0x4 ./src/CServerSock.o
 .rodata._ZN9__gnu_cxxL21__default_lock_policyE
                0x0000000000000000        0x4 ./src/CServerSock.o
 .text._ZNSt6thread2idC2Ev
                0x0000000000000000       0x1c ./src/CServerSock.o
 .ARM.extab.text._ZNSt6thread2idC2Ev
                0x0000000000000000        0x0 ./src/CServerSock.o
 .ARM.exidx.text._ZNSt6thread2idC2Ev
                0x0000000000000000        0x8 ./src/CServerSock.o
 .text._ZSteqNSt6thread2idES0_
                0x0000000000000000       0x2c ./src/CServerSock.o
 .ARM.extab.text._ZSteqNSt6thread2idES0_
                0x0000000000000000        0x0 ./src/CServerSock.o
 .ARM.exidx.text._ZSteqNSt6thread2idES0_
                0x0000000000000000        0x8 ./src/CServerSock.o
 .text._ZNSt6threadD2Ev
                0x0000000000000000       0x24 ./src/CServerSock.o
 .ARM.extab.text._ZNSt6threadD2Ev
                0x0000000000000000        0x0 ./src/CServerSock.o
 .ARM.exidx.text._ZNSt6threadD2Ev
                0x0000000000000000        0x8 ./src/CServerSock.o
 .text._ZNKSt6thread8joinableEv
                0x0000000000000000       0x2c ./src/CServerSock.o
 .ARM.extab.text._ZNKSt6thread8joinableEv
                0x0000000000000000        0x0 ./src/CServerSock.o
 .ARM.exidx.text._ZNKSt6thread8joinableEv
                0x0000000000000000        0x8 ./src/CServerSock.o
 .text._ZNSt12__shared_ptrINSt6thread10_Impl_baseELN9__gnu_cxx12_Lock_policyE2EED2Ev
                0x0000000000000000       0x1c ./src/CServerSock.o
 .ARM.extab.text._ZNSt12__shared_ptrINSt6thread10_Impl_baseELN9__gnu_cxx12_Lock_policyE2EED2Ev
                0x0000000000000000        0x0 ./src/CServerSock.o
 .ARM.exidx.text._ZNSt12__shared_ptrINSt6thread10_Impl_baseELN9__gnu_cxx12_Lock_policyE2EED2Ev
                0x0000000000000000        0x8 ./src/CServerSock.o
 .text._ZNSt10shared_ptrINSt6thread10_Impl_baseEED2Ev
                0x0000000000000000       0x1c ./src/CServerSock.o
 .ARM.extab.text._ZNSt10shared_ptrINSt6thread10_Impl_baseEED2Ev
                0x0000000000000000        0x0 ./src/CServerSock.o
 .ARM.exidx.text._ZNSt10shared_ptrINSt6thread10_Impl_baseEED2Ev
                0x0000000000000000        0x8 ./src/CServerSock.o
 .text._ZNSt6thread10_Impl_baseD2Ev
                0x0000000000000000       0x34 ./src/CServerSock.o
 .ARM.extab.text._ZNSt6thread10_Impl_baseD2Ev
                0x0000000000000000        0x0 ./src/CServerSock.o
 .ARM.exidx.text._ZNSt6thread10_Impl_baseD2Ev
                0x0000000000000000        0x8 ./src/CServerSock.o
 .text._ZNSt6thread10_Impl_baseD0Ev
                0x0000000000000000       0x20 ./src/CServerSock.o
 .ARM.extab.text._ZNSt6thread10_Impl_baseD0Ev
                0x0000000000000000        0x0 ./src/CServerSock.o
 .ARM.exidx.text._ZNSt6thread10_Impl_baseD0Ev
                0x0000000000000000        0x8 ./src/CServerSock.o
 .rodata._ZStL10defer_lock
                0x0000000000000000        0x4 ./src/CServerSock.o
 .rodata._ZStL11try_to_lock
                0x0000000000000000        0x4 ./src/CServerSock.o
 .rodata._ZStL10adopt_lock
                0x0000000000000000        0x4 ./src/CServerSock.o
 .text._ZN11CServerSockC2Ev
                0x0000000000000000       0xac ./src/CServerSock.o
 .ARM.extab.text._ZN11CServerSockC2Ev
                0x0000000000000000       0x20 ./src/CServerSock.o
 .ARM.exidx.text._ZN11CServerSockC2Ev
                0x0000000000000000        0x8 ./src/CServerSock.o
 .ARM.extab.text._ZN11CServerSockD0Ev
                0x0000000000000000        0x0 ./src/CServerSock.o
 .text._ZN11CServerSockC2ERKS_
                0x0000000000000000       0x78 ./src/CServerSock.o
 .ARM.extab.text._ZN11CServerSockC2ERKS_
                0x0000000000000000        0xc ./src/CServerSock.o
 .ARM.exidx.text._ZN11CServerSockC2ERKS_
                0x0000000000000000        0x8 ./src/CServerSock.o
 .text._ZNSt6chrono8durationIxSt5ratioILx1ELx1000EEEC1IivEERKT_
                0x0000000000000000       0x24 ./src/CServerSock.o
 .ARM.extab.text._ZNSt6chrono8durationIxSt5ratioILx1ELx1000EEEC1IivEERKT_
                0x0000000000000000        0x0 ./src/CServerSock.o
 .ARM.exidx.text._ZNSt6chrono8durationIxSt5ratioILx1ELx1000EEEC1IivEERKT_
                0x0000000000000000        0x8 ./src/CServerSock.o
 .text._ZNSt14__shared_countILN9__gnu_cxx12_Lock_policyE2EED2Ev
                0x0000000000000000       0x24 ./src/CServerSock.o
 .ARM.extab.text._ZNSt14__shared_countILN9__gnu_cxx12_Lock_policyE2EED2Ev
                0x0000000000000000        0x0 ./src/CServerSock.o
 .ARM.exidx.text._ZNSt14__shared_countILN9__gnu_cxx12_Lock_policyE2EED2Ev
                0x0000000000000000        0x8 ./src/CServerSock.o
 .text._ZNSt6chrono8durationIxSt5ratioILx1ELx1000EEEC2IxvEERKT_
                0x0000000000000000       0x24 ./src/CServerSock.o
 .ARM.extab.text._ZNSt6chrono8durationIxSt5ratioILx1ELx1000EEEC2IxvEERKT_
                0x0000000000000000        0x0 ./src/CServerSock.o
 .ARM.exidx.text._ZNSt6chrono8durationIxSt5ratioILx1ELx1000EEEC2IxvEERKT_
                0x0000000000000000        0x8 ./src/CServerSock.o
 .text._ZNSt6chrono8durationIxSt5ratioILx1ELx1000EEE4zeroEv
                0x0000000000000000       0x28 ./src/CServerSock.o
 .ARM.extab.text._ZNSt6chrono8durationIxSt5ratioILx1ELx1000EEE4zeroEv
                0x0000000000000000        0x0 ./src/CServerSock.o
 .ARM.exidx.text._ZNSt6chrono8durationIxSt5ratioILx1ELx1000EEE4zeroEv
                0x0000000000000000        0x8 ./src/CServerSock.o
 .text._ZNKSt6chrono8durationIxSt5ratioILx1ELx1000EEE5countEv
                0x0000000000000000       0x1c ./src/CServerSock.o
 .ARM.extab.text._ZNKSt6chrono8durationIxSt5ratioILx1ELx1000EEE5countEv
                0x0000000000000000        0x0 ./src/CServerSock.o
 .ARM.exidx.text._ZNKSt6chrono8durationIxSt5ratioILx1ELx1000EEE5countEv
                0x0000000000000000        0x8 ./src/CServerSock.o
 .text._ZNSt6chronoltIxSt5ratioILx1ELx1000EExS2_EEbRKNS_8durationIT_T0_EERKNS3_IT1_T2_EE
                0x0000000000000000       0x50 ./src/CServerSock.o
 .ARM.extab.text._ZNSt6chronoltIxSt5ratioILx1ELx1000EExS2_EEbRKNS_8durationIT_T0_EERKNS3_IT1_T2_EE
                0x0000000000000000        0x0 ./src/CServerSock.o
 .ARM.exidx.text._ZNSt6chronoltIxSt5ratioILx1ELx1000EExS2_EEbRKNS_8durationIT_T0_EERKNS3_IT1_T2_EE
                0x0000000000000000        0x8 ./src/CServerSock.o
 .text._ZNSt6chronoleIxSt5ratioILx1ELx1000EExS2_EEbRKNS_8durationIT_T0_EERKNS3_IT1_T2_EE
                0x0000000000000000       0x24 ./src/CServerSock.o
 .ARM.extab.text._ZNSt6chronoleIxSt5ratioILx1ELx1000EExS2_EEbRKNS_8durationIT_T0_EERKNS3_IT1_T2_EE
                0x0000000000000000        0x0 ./src/CServerSock.o
 .ARM.exidx.text._ZNSt6chronoleIxSt5ratioILx1ELx1000EExS2_EEbRKNS_8durationIT_T0_EERKNS3_IT1_T2_EE
                0x0000000000000000        0x8 ./src/CServerSock.o
 .text._ZNSt6chrono20__duration_cast_implINS_8durationIxSt5ratioILx1ELx1EEEES2_ILx1ELx1000EExLb1ELb0EE6__castIxS5_EES4_RKNS1_IT_T0_EE
                0x0000000000000000       0x38 ./src/CServerSock.o
 .ARM.extab.text._ZNSt6chrono20__duration_cast_implINS_8durationIxSt5ratioILx1ELx1EEEES2_ILx1ELx1000EExLb1ELb0EE6__castIxS5_EES4_RKNS1_IT_T0_EE
                0x0000000000000000        0x0 ./src/CServerSock.o
 .ARM.exidx.text._ZNSt6chrono20__duration_cast_implINS_8durationIxSt5ratioILx1ELx1EEEES2_ILx1ELx1000EExLb1ELb0EE6__castIxS5_EES4_RKNS1_IT_T0_EE
                0x0000000000000000        0x8 ./src/CServerSock.o
 .text._ZNSt6chrono13duration_castINS_8durationIxSt5ratioILx1ELx1EEEExS2_ILx1ELx1000EEEENSt9enable_ifIXsrNS_13__is_durationIT_EE5valueES8_E4typeERKNS1_IT0_T1_EE
                0x0000000000000000       0x1c ./src/CServerSock.o
 .ARM.extab.text._ZNSt6chrono13duration_castINS_8durationIxSt5ratioILx1ELx1EEEExS2_ILx1ELx1000EEEENSt9enable_ifIXsrNS_13__is_durationIT_EE5valueES8_E4typeERKNS1_IT0_T1_EE
                0x0000000000000000        0x0 ./src/CServerSock.o
 .ARM.exidx.text._ZNSt6chrono13duration_castINS_8durationIxSt5ratioILx1ELx1EEEExS2_ILx1ELx1000EEEENSt9enable_ifIXsrNS_13__is_durationIT_EE5valueES8_E4typeERKNS1_IT0_T1_EE
                0x0000000000000000        0x8 ./src/CServerSock.o
 .text._ZNSt6chrono20__duration_cast_implINS_8durationIxSt5ratioILx1ELx1000EEEES2_ILx1000ELx1EExLb0ELb1EE6__castIxS2_ILx1ELx1EEEES4_RKNS1_IT_T0_EE
                0x0000000000000000       0x68 ./src/CServerSock.o
 .ARM.extab.text._ZNSt6chrono20__duration_cast_implINS_8durationIxSt5ratioILx1ELx1000EEEES2_ILx1000ELx1EExLb0ELb1EE6__castIxS2_ILx1ELx1EEEES4_RKNS1_IT_T0_EE
                0x0000000000000000        0x0 ./src/CServerSock.o
 .ARM.exidx.text._ZNSt6chrono20__duration_cast_implINS_8durationIxSt5ratioILx1ELx1000EEEES2_ILx1000ELx1EExLb0ELb1EE6__castIxS2_ILx1ELx1EEEES4_RKNS1_IT_T0_EE
                0x0000000000000000        0x8 ./src/CServerSock.o
 .text._ZNSt6chrono13duration_castINS_8durationIxSt5ratioILx1ELx1000EEEExS2_ILx1ELx1EEEENSt9enable_ifIXsrNS_13__is_durationIT_EE5valueES8_E4typeERKNS1_IT0_T1_EE
                0x0000000000000000       0x1c ./src/CServerSock.o
 .ARM.extab.text._ZNSt6chrono13duration_castINS_8durationIxSt5ratioILx1ELx1000EEEExS2_ILx1ELx1EEEENSt9enable_ifIXsrNS_13__is_durationIT_EE5valueES8_E4typeERKNS1_IT0_T1_EE
                0x0000000000000000        0x0 ./src/CServerSock.o
 .ARM.exidx.text._ZNSt6chrono13duration_castINS_8durationIxSt5ratioILx1ELx1000EEEExS2_ILx1ELx1EEEENSt9enable_ifIXsrNS_13__is_durationIT_EE5valueES8_E4typeERKNS1_IT0_T1_EE
                0x0000000000000000        0x8 ./src/CServerSock.o
 .text._ZNSt6chrono8durationIxSt5ratioILx1ELx1000EEEC2IxS1_ILx1ELx1EEvEERKNS0_IT_T0_EE
                0x0000000000000000       0x34 ./src/CServerSock.o
 .ARM.extab.text._ZNSt6chrono8durationIxSt5ratioILx1ELx1000EEEC2IxS1_ILx1ELx1EEvEERKNS0_IT_T0_EE
                0x0000000000000000        0x0 ./src/CServerSock.o
 .ARM.exidx.text._ZNSt6chrono8durationIxSt5ratioILx1ELx1000EEEC2IxS1_ILx1ELx1EEvEERKNS0_IT_T0_EE
                0x0000000000000000        0x8 ./src/CServerSock.o
 .text._ZNSt6chronomiIxSt5ratioILx1ELx1000EExS1_ILx1ELx1EEEENSt11common_typeIJNS_8durationIT_T0_EENS5_IT1_T2_EEEE4typeERKS8_RKSB_
                0x0000000000000000       0x5c ./src/CServerSock.o
 .ARM.extab.text._ZNSt6chronomiIxSt5ratioILx1ELx1000EExS1_ILx1ELx1EEEENSt11common_typeIJNS_8durationIT_T0_EENS5_IT1_T2_EEEE4typeERKS8_RKSB_
                0x0000000000000000        0x0 ./src/CServerSock.o
 .ARM.exidx.text._ZNSt6chronomiIxSt5ratioILx1ELx1000EExS1_ILx1ELx1EEEENSt11common_typeIJNS_8durationIT_T0_EENS5_IT1_T2_EEEE4typeERKS8_RKSB_
                0x0000000000000000        0x8 ./src/CServerSock.o
 .text._ZNSt6chrono20__duration_cast_implINS_8durationIxSt5ratioILx1ELx1000000000EEEES2_ILx1000000ELx1EExLb0ELb1EE6__castIxS2_ILx1ELx1000EEEES4_RKNS1_IT_T0_EE
                0x0000000000000000       0x50 ./src/CServerSock.o
 .ARM.extab.text._ZNSt6chrono20__duration_cast_implINS_8durationIxSt5ratioILx1ELx1000000000EEEES2_ILx1000000ELx1EExLb0ELb1EE6__castIxS2_ILx1ELx1000EEEES4_RKNS1_IT_T0_EE
                0x0000000000000000        0x0 ./src/CServerSock.o
 .ARM.exidx.text._ZNSt6chrono20__duration_cast_implINS_8durationIxSt5ratioILx1ELx1000000000EEEES2_ILx1000000ELx1EExLb0ELb1EE6__castIxS2_ILx1ELx1000EEEES4_RKNS1_IT_T0_EE
                0x0000000000000000        0x8 ./src/CServerSock.o
 .text._ZNSt6chrono13duration_castINS_8durationIxSt5ratioILx1ELx1000000000EEEExS2_ILx1ELx1000EEEENSt9enable_ifIXsrNS_13__is_durationIT_EE5valueES8_E4typeERKNS1_IT0_T1_EE
                0x0000000000000000       0x1c ./src/CServerSock.o
 .ARM.extab.text._ZNSt6chrono13duration_castINS_8durationIxSt5ratioILx1ELx1000000000EEEExS2_ILx1ELx1000EEEENSt9enable_ifIXsrNS_13__is_durationIT_EE5valueES8_E4typeERKNS1_IT0_T1_EE
                0x0000000000000000        0x0 ./src/CServerSock.o
 .ARM.exidx.text._ZNSt6chrono13duration_castINS_8durationIxSt5ratioILx1ELx1000000000EEEExS2_ILx1ELx1000EEEENSt9enable_ifIXsrNS_13__is_durationIT_EE5valueES8_E4typeERKNS1_IT0_T1_EE
                0x0000000000000000        0x8 ./src/CServerSock.o
 .text._ZNSt11this_thread9sleep_forIxSt5ratioILx1ELx1000EEEEvRKNSt6chrono8durationIT_T0_EE
                0x0000000000000000       0x88 ./src/CServerSock.o
 .ARM.extab.text._ZNSt11this_thread9sleep_forIxSt5ratioILx1ELx1000EEEEvRKNSt6chrono8durationIT_T0_EE
                0x0000000000000000        0xc ./src/CServerSock.o
 .ARM.exidx.text._ZNSt11this_thread9sleep_forIxSt5ratioILx1ELx1000EEEEvRKNSt6chrono8durationIT_T0_EE
                0x0000000000000000        0x8 ./src/CServerSock.o
 .text._ZNSt16_Sp_counted_baseILN9__gnu_cxx12_Lock_policyE2EE10_M_releaseEv
                0x0000000000000000       0x64 ./src/CServerSock.o
 .ARM.extab.text._ZNSt16_Sp_counted_baseILN9__gnu_cxx12_Lock_policyE2EE10_M_releaseEv
                0x0000000000000000        0x0 ./src/CServerSock.o
 .ARM.exidx.text._ZNSt16_Sp_counted_baseILN9__gnu_cxx12_Lock_policyE2EE10_M_releaseEv
                0x0000000000000000        0x8 ./src/CServerSock.o
 .text._ZNSt16_Sp_counted_baseILN9__gnu_cxx12_Lock_policyE2EE10_M_destroyEv
                0x0000000000000000       0x24 ./src/CServerSock.o
 .ARM.extab.text._ZNSt16_Sp_counted_baseILN9__gnu_cxx12_Lock_policyE2EE10_M_destroyEv
                0x0000000000000000        0x0 ./src/CServerSock.o
 .ARM.exidx.text._ZNSt16_Sp_counted_baseILN9__gnu_cxx12_Lock_policyE2EE10_M_destroyEv
                0x0000000000000000        0x8 ./src/CServerSock.o
 .text._ZNSt14__shared_countILN9__gnu_cxx12_Lock_policyE2EEC2Ev
                0x0000000000000000       0x1c ./src/CServerSock.o
 .ARM.extab.text._ZNSt14__shared_countILN9__gnu_cxx12_Lock_policyE2EEC2Ev
                0x0000000000000000        0x0 ./src/CServerSock.o
 .ARM.exidx.text._ZNSt14__shared_countILN9__gnu_cxx12_Lock_policyE2EEC2Ev
                0x0000000000000000        0x8 ./src/CServerSock.o
 .text._ZNSt16_Sp_counted_baseILN9__gnu_cxx12_Lock_policyE2EED2Ev
                0x0000000000000000       0x28 ./src/CServerSock.o
 .ARM.extab.text._ZNSt16_Sp_counted_baseILN9__gnu_cxx12_Lock_policyE2EED2Ev
                0x0000000000000000        0x0 ./src/CServerSock.o
 .ARM.exidx.text._ZNSt16_Sp_counted_baseILN9__gnu_cxx12_Lock_policyE2EED2Ev
                0x0000000000000000        0x8 ./src/CServerSock.o
 .text._ZNSt16_Sp_counted_baseILN9__gnu_cxx12_Lock_policyE2EED0Ev
                0x0000000000000000       0x20 ./src/CServerSock.o
 .ARM.extab.text._ZNSt16_Sp_counted_baseILN9__gnu_cxx12_Lock_policyE2EED0Ev
                0x0000000000000000        0x0 ./src/CServerSock.o
 .ARM.exidx.text._ZNSt16_Sp_counted_baseILN9__gnu_cxx12_Lock_policyE2EED0Ev
                0x0000000000000000        0x8 ./src/CServerSock.o
 .text._ZNSt14__shared_countILN9__gnu_cxx12_Lock_policyE2EE7_M_swapERS2_
                0x0000000000000000       0x2c ./src/CServerSock.o
 .ARM.extab.text._ZNSt14__shared_countILN9__gnu_cxx12_Lock_policyE2EE7_M_swapERS2_
                0x0000000000000000        0x0 ./src/CServerSock.o
 .ARM.exidx.text._ZNSt14__shared_countILN9__gnu_cxx12_Lock_policyE2EE7_M_swapERS2_
                0x0000000000000000        0x8 ./src/CServerSock.o
 .text._ZNKSt14__shared_countILN9__gnu_cxx12_Lock_policyE2EE14_M_get_deleterERKSt9type_info
                0x0000000000000000       0x34 ./src/CServerSock.o
 .ARM.extab.text._ZNKSt14__shared_countILN9__gnu_cxx12_Lock_policyE2EE14_M_get_deleterERKSt9type_info
                0x0000000000000000        0x0 ./src/CServerSock.o
 .ARM.exidx.text._ZNKSt14__shared_countILN9__gnu_cxx12_Lock_policyE2EE14_M_get_deleterERKSt9type_info
                0x0000000000000000        0x8 ./src/CServerSock.o
 .text._ZSt32__enable_shared_from_this_helperILN9__gnu_cxx12_Lock_policyE2EEvRKSt14__shared_countIXT_EEz
                0x0000000000000000       0x14 ./src/CServerSock.o
 .ARM.extab.text._ZSt32__enable_shared_from_this_helperILN9__gnu_cxx12_Lock_policyE2EEvRKSt14__shared_countIXT_EEz
                0x0000000000000000        0x0 ./src/CServerSock.o
 .ARM.exidx.text._ZSt32__enable_shared_from_this_helperILN9__gnu_cxx12_Lock_policyE2EEvRKSt14__shared_countIXT_EEz
                0x0000000000000000        0x8 ./src/CServerSock.o
 .text._ZNSt11_Mutex_baseILN9__gnu_cxx12_Lock_policyE2EEC2Ev
                0x0000000000000000       0x18 ./src/CServerSock.o
 .ARM.extab.text._ZNSt11_Mutex_baseILN9__gnu_cxx12_Lock_policyE2EEC2Ev
                0x0000000000000000        0x0 ./src/CServerSock.o
 .ARM.exidx.text._ZNSt11_Mutex_baseILN9__gnu_cxx12_Lock_policyE2EEC2Ev
                0x0000000000000000        0x8 ./src/CServerSock.o
 .text._ZNSt16_Sp_counted_baseILN9__gnu_cxx12_Lock_policyE2EEC2Ev
                0x0000000000000000       0x30 ./src/CServerSock.o
 .ARM.extab.text._ZNSt16_Sp_counted_baseILN9__gnu_cxx12_Lock_policyE2EEC2Ev
                0x0000000000000000        0x0 ./src/CServerSock.o
 .ARM.exidx.text._ZNSt16_Sp_counted_baseILN9__gnu_cxx12_Lock_policyE2EEC2Ev
                0x0000000000000000        0x8 ./src/CServerSock.o
 .text._ZNSt15aligned_storageILj24ELj4EEC2Ev
                0x0000000000000000       0x18 ./src/CServerSock.o
 .ARM.extab.text._ZNSt15aligned_storageILj24ELj4EEC2Ev
                0x0000000000000000        0x0 ./src/CServerSock.o
 .ARM.exidx.text._ZNSt15aligned_storageILj24ELj4EEC2Ev
                0x0000000000000000        0x8 ./src/CServerSock.o
 .text._ZNSt12__shared_ptrINSt6thread10_Impl_baseELN9__gnu_cxx12_Lock_policyE2EEC2Ev
                0x0000000000000000       0x24 ./src/CServerSock.o
 .ARM.extab.text._ZNSt12__shared_ptrINSt6thread10_Impl_baseELN9__gnu_cxx12_Lock_policyE2EEC2Ev
                0x0000000000000000        0x0 ./src/CServerSock.o
 .ARM.exidx.text._ZNSt12__shared_ptrINSt6thread10_Impl_baseELN9__gnu_cxx12_Lock_policyE2EEC2Ev
                0x0000000000000000        0x8 ./src/CServerSock.o
 .text._ZNSt10shared_ptrINSt6thread10_Impl_baseEEC2Ev
                0x0000000000000000       0x1c ./src/CServerSock.o
 .ARM.extab.text._ZNSt10shared_ptrINSt6thread10_Impl_baseEEC2Ev
                0x0000000000000000        0x0 ./src/CServerSock.o
 .ARM.exidx.text._ZNSt10shared_ptrINSt6thread10_Impl_baseEEC2Ev
                0x0000000000000000        0x8 ./src/CServerSock.o
 .text._ZNSt6thread10_Impl_baseC2Ev
                0x0000000000000000       0x28 ./src/CServerSock.o
 .ARM.extab.text._ZNSt6thread10_Impl_baseC2Ev
                0x0000000000000000        0x0 ./src/CServerSock.o
 .ARM.exidx.text._ZNSt6thread10_Impl_baseC2Ev
                0x0000000000000000        0x8 ./src/CServerSock.o
 .rodata._ZTVNSt6thread10_Impl_baseE
                0x0000000000000000       0x14 ./src/CServerSock.o
 .rodata._ZTVSt16_Sp_counted_baseILN9__gnu_cxx12_Lock_policyE2EE
                0x0000000000000000       0x1c ./src/CServerSock.o
 .rodata._ZTISt19_Sp_make_shared_tag
                0x0000000000000000        0x8 ./src/CServerSock.o
 .rodata._ZTSSt19_Sp_make_shared_tag
                0x0000000000000000       0x18 ./src/CServerSock.o
 .rodata._ZTINSt6thread10_Impl_baseE
                0x0000000000000000        0x8 ./src/CServerSock.o
 .rodata._ZTSNSt6thread10_Impl_baseE
                0x0000000000000000       0x18 ./src/CServerSock.o
 .rodata._ZTISt16_Sp_counted_baseILN9__gnu_cxx12_Lock_policyE2EE
                0x0000000000000000        0xc ./src/CServerSock.o
 .rodata._ZTSSt16_Sp_counted_baseILN9__gnu_cxx12_Lock_policyE2EE
                0x0000000000000000       0x34 ./src/CServerSock.o
 .rodata._ZTISt11_Mutex_baseILN9__gnu_cxx12_Lock_policyE2EE
                0x0000000000000000        0x8 ./src/CServerSock.o
 .rodata._ZTSSt11_Mutex_baseILN9__gnu_cxx12_Lock_policyE2EE
                0x0000000000000000       0x30 ./src/CServerSock.o
 .rodata._ZZL18__gthread_active_pvE20__gthread_active_ptr
                0x0000000000000000        0x4 ./src/CServerSock.o
 .debug_macro   0x0000000000000000      0x96a ./src/CServerSock.o
 .debug_macro   0x0000000000000000       0x22 ./src/CServerSock.o
 .debug_macro   0x0000000000000000      0x275 ./src/CServerSock.o
 .debug_macro   0x0000000000000000      0x16f ./src/CServerSock.o
 .debug_macro   0x0000000000000000       0x35 ./src/CServerSock.o
 .debug_macro   0x0000000000000000       0x70 ./src/CServerSock.o
 .debug_macro   0x0000000000000000       0x10 ./src/CServerSock.o
 .debug_macro   0x0000000000000000       0x97 ./src/CServerSock.o
 .debug_macro   0x0000000000000000       0x5e ./src/CServerSock.o
 .debug_macro   0x0000000000000000       0xd6 ./src/CServerSock.o
 .debug_macro   0x0000000000000000       0x2e ./src/CServerSock.o
 .debug_macro   0x0000000000000000       0x16 ./src/CServerSock.o
 .debug_macro   0x0000000000000000       0x20 ./src/CServerSock.o
 .debug_macro   0x0000000000000000       0x1e ./src/CServerSock.o
 .debug_macro   0x0000000000000000       0x28 ./src/CServerSock.o
 .debug_macro   0x0000000000000000       0x58 ./src/CServerSock.o
 .debug_macro   0x0000000000000000       0x10 ./src/CServerSock.o
 .debug_macro   0x0000000000000000      0x1c2 ./src/CServerSock.o
 .debug_macro   0x0000000000000000       0x5e ./src/CServerSock.o
 .debug_macro   0x0000000000000000       0x2e ./src/CServerSock.o
 .debug_macro   0x0000000000000000       0x27 ./src/CServerSock.o
 .debug_macro   0x0000000000000000       0x6d ./src/CServerSock.o
 .debug_macro   0x0000000000000000       0x3a ./src/CServerSock.o
 .debug_macro   0x0000000000000000       0x19 ./src/CServerSock.o
 .debug_macro   0x0000000000000000       0x12 ./src/CServerSock.o
 .debug_macro   0x0000000000000000       0x20 ./src/CServerSock.o
 .debug_macro   0x0000000000000000       0x1c ./src/CServerSock.o
 .debug_macro   0x0000000000000000       0x28 ./src/CServerSock.o
 .debug_macro   0x0000000000000000       0x10 ./src/CServerSock.o
 .debug_macro   0x0000000000000000       0x10 ./src/CServerSock.o
 .debug_macro   0x0000000000000000       0x4c ./src/CServerSock.o
 .debug_macro   0x0000000000000000       0x1c ./src/CServerSock.o
 .debug_macro   0x0000000000000000       0x10 ./src/CServerSock.o
 .debug_macro   0x0000000000000000       0x16 ./src/CServerSock.o
 .debug_macro   0x0000000000000000       0x28 ./src/CServerSock.o
 .debug_macro   0x0000000000000000       0x10 ./src/CServerSock.o
 .debug_macro   0x0000000000000000       0x46 ./src/CServerSock.o
 .debug_macro   0x0000000000000000       0x1c ./src/CServerSock.o
 .debug_macro   0x0000000000000000       0x20 ./src/CServerSock.o
 .debug_macro   0x0000000000000000       0x59 ./src/CServerSock.o
 .debug_macro   0x0000000000000000       0x16 ./src/CServerSock.o
 .debug_macro   0x0000000000000000       0x10 ./src/CServerSock.o
 .debug_macro   0x0000000000000000       0x3a ./src/CServerSock.o
 .debug_macro   0x0000000000000000      0x241 ./src/CServerSock.o
 .debug_macro   0x0000000000000000       0x16 ./src/CServerSock.o
 .debug_macro   0x0000000000000000       0xdd ./src/CServerSock.o
 .debug_macro   0x0000000000000000       0x34 ./src/CServerSock.o
 .debug_macro   0x0000000000000000      0x15a ./src/CServerSock.o
 .debug_macro   0x0000000000000000       0x22 ./src/CServerSock.o
 .debug_macro   0x0000000000000000       0x16 ./src/CServerSock.o
 .debug_macro   0x0000000000000000       0x12 ./src/CServerSock.o
 .debug_macro   0x0000000000000000      0x136 ./src/CServerSock.o
 .debug_macro   0x0000000000000000       0x16 ./src/CServerSock.o
 .debug_macro   0x0000000000000000       0x10 ./src/CServerSock.o
 .debug_macro   0x0000000000000000      0x56e ./src/CServerSock.o
 .debug_macro   0x0000000000000000       0x19 ./src/CServerSock.o
 .debug_macro   0x0000000000000000       0x1c ./src/CServerSock.o
 .debug_macro   0x0000000000000000       0x16 ./src/CServerSock.o
 .debug_macro   0x0000000000000000      0x1c9 ./src/CServerSock.o
 .debug_macro   0x0000000000000000      0x120 ./src/CServerSock.o
 .debug_macro   0x0000000000000000       0x16 ./src/CServerSock.o
 .debug_macro   0x0000000000000000       0x58 ./src/CServerSock.o
 .debug_macro   0x0000000000000000       0xfa ./src/CServerSock.o
 .debug_macro   0x0000000000000000       0x30 ./src/CServerSock.o
 .debug_macro   0x0000000000000000       0x40 ./src/CServerSock.o
 .debug_macro   0x0000000000000000       0x46 ./src/CServerSock.o
 .debug_macro   0x0000000000000000       0x1c ./src/CServerSock.o
 .debug_macro   0x0000000000000000       0x28 ./src/CServerSock.o
 .debug_macro   0x0000000000000000       0x12 ./src/CServerSock.o
 .debug_macro   0x0000000000000000       0x18 ./src/CServerSock.o
 .debug_macro   0x0000000000000000       0x6e ./src/CServerSock.o
 .debug_macro   0x0000000000000000       0x82 ./src/CServerSock.o
 .debug_macro   0x0000000000000000       0x12 ./src/CServerSock.o
 .debug_macro   0x0000000000000000       0x12 ./src/CServerSock.o
 .debug_macro   0x0000000000000000       0x1c ./src/CServerSock.o
 .debug_macro   0x0000000000000000       0x22 ./src/CServerSock.o
 .debug_macro   0x0000000000000000       0xa5 ./src/CServerSock.o
 .debug_macro   0x0000000000000000       0x2a ./src/CServerSock.o
 .debug_macro   0x0000000000000000      0x173 ./src/CServerSock.o
 .debug_macro   0x0000000000000000       0x12 ./src/CServerSock.o
 .debug_macro   0x0000000000000000       0x10 ./src/CServerSock.o
 .debug_macro   0x0000000000000000       0x19 ./src/CServerSock.o
 .debug_macro   0x0000000000000000       0x58 ./src/CServerSock.o
 .debug_macro   0x0000000000000000       0xb4 ./src/CServerSock.o
 .debug_macro   0x0000000000000000       0x16 ./src/CServerSock.o
 .debug_macro   0x0000000000000000       0x10 ./src/CServerSock.o
 .debug_macro   0x0000000000000000       0x37 ./src/CServerSock.o
 .debug_macro   0x0000000000000000       0x5e ./src/CServerSock.o
 .debug_macro   0x0000000000000000       0x11 ./src/CServerSock.o
 .debug_macro   0x0000000000000000       0x16 ./src/CServerSock.o
 .debug_macro   0x0000000000000000       0x10 ./src/CServerSock.o
 .debug_macro   0x0000000000000000       0x10 ./src/CServerSock.o
 .debug_macro   0x0000000000000000      0x122 ./src/CServerSock.o
 .debug_macro   0x0000000000000000       0x8e ./src/CServerSock.o
 .debug_macro   0x0000000000000000       0xbb ./src/CServerSock.o
 .debug_macro   0x0000000000000000       0x4d ./src/CServerSock.o
 .debug_macro   0x0000000000000000       0x10 ./src/CServerSock.o
 .debug_macro   0x0000000000000000       0x17 ./src/CServerSock.o
 .debug_macro   0x0000000000000000       0x16 ./src/CServerSock.o
 .debug_macro   0x0000000000000000       0x27 ./src/CServerSock.o
 .debug_macro   0x0000000000000000       0x3a ./src/CServerSock.o
 .debug_macro   0x0000000000000000       0x6a ./src/CServerSock.o
 .debug_macro   0x0000000000000000       0x6f ./src/CServerSock.o
 .debug_macro   0x0000000000000000       0x10 ./src/CServerSock.o
 .debug_macro   0x0000000000000000       0x10 ./src/CServerSock.o
 .debug_macro   0x0000000000000000       0xf0 ./src/CServerSock.o
 .debug_macro   0x0000000000000000      0x123 ./src/CServerSock.o
 .debug_macro   0x0000000000000000       0x16 ./src/CServerSock.o
 .debug_macro   0x0000000000000000       0xd6 ./src/CServerSock.o
 .debug_macro   0x0000000000000000      0x256 ./src/CServerSock.o
 .debug_macro   0x0000000000000000       0x10 ./src/CServerSock.o
 .debug_macro   0x0000000000000000       0x16 ./src/CServerSock.o
 .debug_macro   0x0000000000000000       0x16 ./src/CServerSock.o
 .debug_macro   0x0000000000000000       0x20 ./src/CServerSock.o
 .debug_macro   0x0000000000000000       0x1d ./src/CServerSock.o
 .debug_macro   0x0000000000000000       0x6a ./src/CServerSock.o
 .debug_macro   0x0000000000000000      0x190 ./src/CServerSock.o
 .debug_macro   0x0000000000000000       0x52 ./src/CServerSock.o
 .debug_macro   0x0000000000000000       0x27 ./src/CServerSock.o
 .debug_macro   0x0000000000000000       0x35 ./src/CServerSock.o
 .debug_macro   0x0000000000000000      0x824 ./src/CServerSock.o
 .debug_macro   0x0000000000000000       0x27 ./src/CServerSock.o
 .debug_macro   0x0000000000000000      0x34a ./src/CServerSock.o
 .debug_macro   0x0000000000000000      0x1ba ./src/CServerSock.o
 .debug_macro   0x0000000000000000       0x5f ./src/CServerSock.o
 .debug_macro   0x0000000000000000       0x34 ./src/CServerSock.o
 .debug_macro   0x0000000000000000       0x10 ./src/CServerSock.o
 .debug_macro   0x0000000000000000       0x1c ./src/CServerSock.o
 .debug_macro   0x0000000000000000      0x2d8 ./src/CServerSock.o
 .debug_macro   0x0000000000000000       0xe6 ./src/CServerSock.o
 .debug_macro   0x0000000000000000       0xd3 ./src/CServerSock.o
 .debug_macro   0x0000000000000000       0x23 ./src/CServerSock.o
 .debug_macro   0x0000000000000000      0x3a3 ./src/CServerSock.o
 .debug_macro   0x0000000000000000       0xac ./src/CServerSock.o
 .debug_macro   0x0000000000000000       0x16 ./src/CServerSock.o
 .debug_macro   0x0000000000000000       0x1c ./src/CServerSock.o
 .debug_macro   0x0000000000000000       0x3a ./src/CServerSock.o
 .debug_macro   0x0000000000000000       0x3a ./src/CServerSock.o
 .debug_macro   0x0000000000000000       0x45 ./src/CServerSock.o
 .debug_macro   0x0000000000000000      0x1b6 ./src/CServerSock.o
 .debug_macro   0x0000000000000000       0x10 ./src/CServerSock.o
[...]
 .debug_info    0x000000000002c47f       0xd7 /home/rako/Data/SourceCode/CrossCompiler_Utils/gcc-linaro-5.4.1-2017.01-x86_64_arm-linux/Compiler/gcc-linaro-5.4.1-2017.01-x86_64_arm-linux-gnueabihf/bin/../arm-linux-gnueabihf/libc/usr/lib/crtn.o

.debug_abbrev   0x0000000000000000     0x3bb5
 *(.debug_abbrev)
 .debug_abbrev  0x0000000000000000       0x52 /home/rako/Data/SourceCode/CrossCompiler_Utils/gcc-linaro-5.4.1-2017.01-x86_64_arm-linux/Compiler/gcc-linaro-5.4.1-2017.01-x86_64_arm-linux-gnueabihf/bin/../arm-linux-gnueabihf/libc/usr/lib/crt1.o
 .debug_abbrev  0x0000000000000052       0x12 /home/rako/Data/SourceCode/CrossCompiler_Utils/gcc-linaro-5.4.1-2017.01-x86_64_arm-linux/Compiler/gcc-linaro-5.4.1-2017.01-x86_64_arm-linux-gnueabihf/bin/../arm-linux-gnueabihf/libc/usr/lib/crti.o
 .debug_abbrev  0x0000000000000064      0xd89 ./src/CConnectSock.o
 .debug_abbrev  0x0000000000000ded      0xd0b ./src/CServerSock.o
 .debug_abbrev  0x0000000000001af8      0x775 ./src/CSock.o
 .debug_abbrev  0x000000000000226d      0xd3d ./src/DataProvider.o
 .debug_abbrev  0x0000000000002faa      0xaec ./src/main.o
 .debug_abbrev  0x0000000000003a96      0x10d /home/rako/Data/SourceCode/CrossCompiler_Utils/gcc-linaro-5.4.1-2017.01-x86_64_arm-linux/Compiler/gcc-linaro-5.4.1-2017.01-x86_64_arm-linux-gnueabihf/bin/../arm-linux-gnueabihf/libc/usr/lib/libc_nonshared.a(elf-init.oS)
 .debug_abbrev  0x0000000000003ba3       0x12 /home/rako/Data/SourceCode/CrossCompiler_Utils/gcc-linaro-5.4.1-2017.01-x86_64_arm-linux/Compiler/gcc-linaro-5.4.1-2017.01-x86_64_arm-linux-gnueabihf/bin/../arm-linux-gnueabihf/libc/usr/lib/crtn.o

.debug_line     0x0000000000000000     0xac25
 *(.debug_line .debug_line.* .debug_line_end)
 .debug_line    0x0000000000000000       0x80 /home/rako/Data/SourceCode/CrossCompiler_Utils/gcc-linaro-5.4.1-2017.01-x86_64_arm-linux/Compiler/gcc-linaro-5.4.1-2017.01-x86_64_arm-linux-gnueabihf/bin/../arm-linux-gnueabihf/libc/usr/lib/crt1.o
 .debug_line    0x0000000000000080       0x6c /home/rako/Data/SourceCode/CrossCompiler_Utils/gcc-linaro-5.4.1-2017.01-x86_64_arm-linux/Compiler/gcc-linaro-5.4.1-2017.01-x86_64_arm-linux-gnueabihf/bin/../arm-linux-gnueabihf/libc/usr/lib/crti.o
 .debug_line    0x00000000000000ec     0x26da ./src/CConnectSock.o
 .debug_line    0x00000000000027c6     0x2678 ./src/CServerSock.o
 .debug_line    0x0000000000004e3e     0x165d ./src/CSock.o
 .debug_line    0x000000000000649b     0x25c1 ./src/DataProvider.o
 .debug_line    0x0000000000008a5c     0x2040 ./src/main.o
 .debug_line    0x000000000000aa9c      0x135 /home/rako/Data/SourceCode/CrossCompiler_Utils/gcc-linaro-5.4.1-2017.01-x86_64_arm-linux/Compiler/gcc-linaro-5.4.1-2017.01-x86_64_arm-linux-gnueabihf/bin/../arm-linux-gnueabihf/libc/usr/lib/libc_nonshared.a(elf-init.oS)
 .debug_line    0x000000000000abd1       0x54 /home/rako/Data/SourceCode/CrossCompiler_Utils/gcc-linaro-5.4.1-2017.01-x86_64_arm-linux/Compiler/gcc-linaro-5.4.1-2017.01-x86_64_arm-linux-gnueabihf/bin/../arm-linux-gnueabihf/libc/usr/lib/crtn.o

.debug_frame    0x0000000000000000     0x4f1c
 *(.debug_frame)
 .debug_frame   0x0000000000000000     0x1770 ./src/CConnectSock.o
 .debug_frame   0x0000000000001770     0x16d8 ./src/CServerSock.o
 .debug_frame   0x0000000000002e48      0x158 ./src/CSock.o
 .debug_frame   0x0000000000002fa0     0x17d8 ./src/DataProvider.o
 .debug_frame   0x0000000000004778      0x760 ./src/main.o
 .debug_frame   0x0000000000004ed8       0x44 /home/rako/Data/SourceCode/CrossCompiler_Utils/gcc-linaro-5.4.1-2017.01-x86_64_arm-linux/Compiler/gcc-linaro-5.4.1-2017.01-x86_64_arm-linux-gnueabihf/bin/../arm-linux-gnueabihf/libc/usr/lib/libc_nonshared.a(elf-init.oS)

.debug_str      0x0000000000000000    0x3cc40
 *(.debug_str)
 .debug_str     0x0000000000000000      0x16e /home/rako/Data/SourceCode/CrossCompiler_Utils/gcc-linaro-5.4.1-2017.01-x86_64_arm-linux/Compiler/gcc-linaro-5.4.1-2017.01-x86_64_arm-linux-gnueabihf/bin/../arm-linux-gnueabihf/libc/usr/lib/crt1.o
                                        0x1fe (size before relaxing)
 .debug_str     0x000000000000016e    0x2a765 ./src/CConnectSock.o
                                      0x2b255 (size before relaxing)
 .debug_str     0x000000000002a8d3     0x7b20 ./src/CServerSock.o
                                      0x266b0 (size before relaxing)
 .debug_str     0x00000000000323f3      0x182 ./src/CSock.o
                                      0x183ba (size before relaxing)
 .debug_str     0x0000000000032575     0x86dc ./src/DataProvider.o
                                      0x28231 (size before relaxing)
 .debug_str     0x000000000003ac51     0x1edc ./src/main.o
                                      0x23732 (size before relaxing)
 .debug_str     0x000000000003cb2d      0x113 /home/rako/Data/SourceCode/CrossCompiler_Utils/gcc-linaro-5.4.1-2017.01-x86_64_arm-linux/Compiler/gcc-linaro-5.4.1-2017.01-x86_64_arm-linux-gnueabihf/bin/../arm-linux-gnueabihf/libc/usr/lib/libc_nonshared.a(elf-init.oS)
                                        0x1de (size before relaxing)

.debug_loc      0x0000000000000000       0xbb
 *(.debug_loc)
 .debug_loc     0x0000000000000000       0xbb /home/rako/Data/SourceCode/CrossCompiler_Utils/gcc-linaro-5.4.1-2017.01-x86_64_arm-linux/Compiler/gcc-linaro-5.4.1-2017.01-x86_64_arm-linux-gnueabihf/bin/../arm-linux-gnueabihf/libc/usr/lib/libc_nonshared.a(elf-init.oS)

.debug_macinfo
 *(.debug_macinfo)

.debug_weaknames
 *(.debug_weaknames)

.debug_funcnames
 *(.debug_funcnames)

.debug_typenames
 *(.debug_typenames)

.debug_varnames
 *(.debug_varnames)

.debug_pubtypes
 *(.debug_pubtypes)

.debug_ranges   0x0000000000000000     0x1210
 *(.debug_ranges)
 .debug_ranges  0x0000000000000000       0x28 /home/rako/Data/SourceCode/CrossCompiler_Utils/gcc-linaro-5.4.1-2017.01-x86_64_arm-linux/Compiler/gcc-linaro-5.4.1-2017.01-x86_64_arm-linux-gnueabihf/bin/../arm-linux-gnueabihf/libc/usr/lib/crti.o
 .debug_ranges  0x0000000000000028      0x510 ./src/CConnectSock.o
 .debug_ranges  0x0000000000000538      0x508 ./src/CServerSock.o
 .debug_ranges  0x0000000000000a40       0x50 ./src/CSock.o
 .debug_ranges  0x0000000000000a90      0x570 ./src/DataProvider.o
 .debug_ranges  0x0000000000001000      0x1d0 ./src/main.o
 .debug_ranges  0x00000000000011d0       0x20 /home/rako/Data/SourceCode/CrossCompiler_Utils/gcc-linaro-5.4.1-2017.01-x86_64_arm-linux/Compiler/gcc-linaro-5.4.1-2017.01-x86_64_arm-linux-gnueabihf/bin/../arm-linux-gnueabihf/libc/usr/lib/libc_nonshared.a(elf-init.oS)
 .debug_ranges  0x00000000000011f0       0x20 /home/rako/Data/SourceCode/CrossCompiler_Utils/gcc-linaro-5.4.1-2017.01-x86_64_arm-linux/Compiler/gcc-linaro-5.4.1-2017.01-x86_64_arm-linux-gnueabihf/bin/../arm-linux-gnueabihf/libc/usr/lib/crtn.o

.debug_macro    0x0000000000000000     0x9d2a
 *(.debug_macro)
 .debug_macro   0x0000000000000000      0xb1b ./src/CConnectSock.o
 .debug_macro   0x0000000000000b1b      0x96a ./src/CConnectSock.o
 .debug_macro   0x0000000000001485       0x22 ./src/CConnectSock.o
 .debug_macro   0x00000000000014a7      0x275 ./src/CConnectSock.o
 .debug_macro   0x000000000000171c      0x16f ./src/CConnectSock.o
 .debug_macro   0x000000000000188b       0x35 ./src/CConnectSock.o
 .debug_macro   0x00000000000018c0       0x70 ./src/CConnectSock.o
 .debug_macro   0x0000000000001930       0x10 ./src/CConnectSock.o
 .debug_macro   0x0000000000001940       0x97 ./src/CConnectSock.o
 .debug_macro   0x00000000000019d7       0x5e ./src/CConnectSock.o
 .debug_macro   0x0000000000001a35       0xd6 ./src/CConnectSock.o
 .debug_macro   0x0000000000001b0b       0x2e ./src/CConnectSock.o
 .debug_macro   0x0000000000001b39       0x16 ./src/CConnectSock.o
 .debug_macro   0x0000000000001b4f       0x20 ./src/CConnectSock.o
 .debug_macro   0x0000000000001b6f       0x1e ./src/CConnectSock.o
 .debug_macro   0x0000000000001b8d       0x28 ./src/CConnectSock.o
 .debug_macro   0x0000000000001bb5       0x58 ./src/CConnectSock.o
 .debug_macro   0x0000000000001c0d       0x10 ./src/CConnectSock.o
 .debug_macro   0x0000000000001c1d      0x1c2 ./src/CConnectSock.o
 .debug_macro   0x0000000000001ddf       0x5e ./src/CConnectSock.o
 .debug_macro   0x0000000000001e3d       0x2e ./src/CConnectSock.o
 .debug_macro   0x0000000000001e6b       0x27 ./src/CConnectSock.o
 .debug_macro   0x0000000000001e92       0x6d ./src/CConnectSock.o
 .debug_macro   0x0000000000001eff       0x3a ./src/CConnectSock.o
 .debug_macro   0x0000000000001f39       0x19 ./src/CConnectSock.o
 .debug_macro   0x0000000000001f52       0x12 ./src/CConnectSock.o
 .debug_macro   0x0000000000001f64       0x20 ./src/CConnectSock.o
 .debug_macro   0x0000000000001f84       0x1c ./src/CConnectSock.o
 .debug_macro   0x0000000000001fa0       0x28 ./src/CConnectSock.o
 .debug_macro   0x0000000000001fc8       0x10 ./src/CConnectSock.o
 .debug_macro   0x0000000000001fd8       0x10 ./src/CConnectSock.o
 .debug_macro   0x0000000000001fe8       0x4c ./src/CConnectSock.o
 .debug_macro   0x0000000000002034       0x1c ./src/CConnectSock.o
 .debug_macro   0x0000000000002050       0x10 ./src/CConnectSock.o
 .debug_macro   0x0000000000002060       0x16 ./src/CConnectSock.o
 .debug_macro   0x0000000000002076       0x28 ./src/CConnectSock.o
 .debug_macro   0x000000000000209e       0x10 ./src/CConnectSock.o
 .debug_macro   0x00000000000020ae       0x46 ./src/CConnectSock.o
 .debug_macro   0x00000000000020f4       0x1c ./src/CConnectSock.o
 .debug_macro   0x0000000000002110       0x20 ./src/CConnectSock.o
 .debug_macro   0x0000000000002130       0x59 ./src/CConnectSock.o
 .debug_macro   0x0000000000002189       0x16 ./src/CConnectSock.o
 .debug_macro   0x000000000000219f       0x10 ./src/CConnectSock.o
 .debug_macro   0x00000000000021af       0x3a ./src/CConnectSock.o
 .debug_macro   0x00000000000021e9      0x241 ./src/CConnectSock.o
 .debug_macro   0x000000000000242a       0x16 ./src/CConnectSock.o
 .debug_macro   0x0000000000002440       0xdd ./src/CConnectSock.o
 .debug_macro   0x000000000000251d       0x34 ./src/CConnectSock.o
 .debug_macro   0x0000000000002551      0x15a ./src/CConnectSock.o
 .debug_macro   0x00000000000026ab       0x22 ./src/CConnectSock.o
 .debug_macro   0x00000000000026cd       0x16 ./src/CConnectSock.o
 .debug_macro   0x00000000000026e3       0x12 ./src/CConnectSock.o
 .debug_macro   0x00000000000026f5      0x136 ./src/CConnectSock.o
 .debug_macro   0x000000000000282b       0x16 ./src/CConnectSock.o
 .debug_macro   0x0000000000002841       0x10 ./src/CConnectSock.o
 .debug_macro   0x0000000000002851      0x56e ./src/CConnectSock.o
 .debug_macro   0x0000000000002dbf       0x19 ./src/CConnectSock.o
 .debug_macro   0x0000000000002dd8       0x1c ./src/CConnectSock.o
 .debug_macro   0x0000000000002df4       0x16 ./src/CConnectSock.o
 .debug_macro   0x0000000000002e0a      0x1c9 ./src/CConnectSock.o
 .debug_macro   0x0000000000002fd3      0x120 ./src/CConnectSock.o
 .debug_macro   0x00000000000030f3       0x16 ./src/CConnectSock.o
 .debug_macro   0x0000000000003109       0x58 ./src/CConnectSock.o
 .debug_macro   0x0000000000003161       0xfa ./src/CConnectSock.o
 .debug_macro   0x000000000000325b       0x30 ./src/CConnectSock.o
 .debug_macro   0x000000000000328b       0x40 ./src/CConnectSock.o
 .debug_macro   0x00000000000032cb       0x46 ./src/CConnectSock.o
 .debug_macro   0x0000000000003311       0x1c ./src/CConnectSock.o
 .debug_macro   0x000000000000332d       0x28 ./src/CConnectSock.o
 .debug_macro   0x0000000000003355       0x12 ./src/CConnectSock.o
 .debug_macro   0x0000000000003367       0x18 ./src/CConnectSock.o
 .debug_macro   0x000000000000337f       0x6e ./src/CConnectSock.o
 .debug_macro   0x00000000000033ed       0x82 ./src/CConnectSock.o
 .debug_macro   0x000000000000346f       0x12 ./src/CConnectSock.o
 .debug_macro   0x0000000000003481       0x12 ./src/CConnectSock.o
 .debug_macro   0x0000000000003493       0x1c ./src/CConnectSock.o
 .debug_macro   0x00000000000034af       0x22 ./src/CConnectSock.o
 .debug_macro   0x00000000000034d1       0xa5 ./src/CConnectSock.o
 .debug_macro   0x0000000000003576       0x2a ./src/CConnectSock.o
 .debug_macro   0x00000000000035a0      0x173 ./src/CConnectSock.o
 .debug_macro   0x0000000000003713       0x12 ./src/CConnectSock.o
 .debug_macro   0x0000000000003725       0x10 ./src/CConnectSock.o
 .debug_macro   0x0000000000003735       0x19 ./src/CConnectSock.o
 .debug_macro   0x000000000000374e       0x58 ./src/CConnectSock.o
 .debug_macro   0x00000000000037a6       0xb4 ./src/CConnectSock.o
 .debug_macro   0x000000000000385a       0x16 ./src/CConnectSock.o
 .debug_macro   0x0000000000003870       0x10 ./src/CConnectSock.o
 .debug_macro   0x0000000000003880       0x37 ./src/CConnectSock.o
 .debug_macro   0x00000000000038b7       0x5e ./src/CConnectSock.o
 .debug_macro   0x0000000000003915       0x11 ./src/CConnectSock.o
 .debug_macro   0x0000000000003926       0x16 ./src/CConnectSock.o
 .debug_macro   0x000000000000393c       0x10 ./src/CConnectSock.o
 .debug_macro   0x000000000000394c       0x10 ./src/CConnectSock.o
 .debug_macro   0x000000000000395c      0x122 ./src/CConnectSock.o
 .debug_macro   0x0000000000003a7e       0x8e ./src/CConnectSock.o
 .debug_macro   0x0000000000003b0c       0xbb ./src/CConnectSock.o
 .debug_macro   0x0000000000003bc7       0x4d ./src/CConnectSock.o
 .debug_macro   0x0000000000003c14       0x10 ./src/CConnectSock.o
 .debug_macro   0x0000000000003c24       0x17 ./src/CConnectSock.o
 .debug_macro   0x0000000000003c3b       0x16 ./src/CConnectSock.o
 .debug_macro   0x0000000000003c51       0x27 ./src/CConnectSock.o
 .debug_macro   0x0000000000003c78       0x3a ./src/CConnectSock.o
 .debug_macro   0x0000000000003cb2       0x6a ./src/CConnectSock.o
 .debug_macro   0x0000000000003d1c       0x6f ./src/CConnectSock.o
 .debug_macro   0x0000000000003d8b       0x10 ./src/CConnectSock.o
 .debug_macro   0x0000000000003d9b       0x10 ./src/CConnectSock.o
 .debug_macro   0x0000000000003dab       0xf0 ./src/CConnectSock.o
 .debug_macro   0x0000000000003e9b      0x123 ./src/CConnectSock.o
 .debug_macro   0x0000000000003fbe       0x16 ./src/CConnectSock.o
 .debug_macro   0x0000000000003fd4       0xd6 ./src/CConnectSock.o
 .debug_macro   0x00000000000040aa      0x256 ./src/CConnectSock.o
 .debug_macro   0x0000000000004300       0x10 ./src/CConnectSock.o
 .debug_macro   0x0000000000004310       0x16 ./src/CConnectSock.o
 .debug_macro   0x0000000000004326       0x16 ./src/CConnectSock.o
 .debug_macro   0x000000000000433c       0x20 ./src/CConnectSock.o
 .debug_macro   0x000000000000435c       0x1d ./src/CConnectSock.o
 .debug_macro   0x0000000000004379       0x6a ./src/CConnectSock.o
 .debug_macro   0x00000000000043e3      0x190 ./src/CConnectSock.o
 .debug_macro   0x0000000000004573       0x52 ./src/CConnectSock.o
 .debug_macro   0x00000000000045c5       0x27 ./src/CConnectSock.o
 .debug_macro   0x00000000000045ec       0x35 ./src/CConnectSock.o
 .debug_macro   0x0000000000004621      0x824 ./src/CConnectSock.o
 .debug_macro   0x0000000000004e45       0x27 ./src/CConnectSock.o
 .debug_macro   0x0000000000004e6c      0x34a ./src/CConnectSock.o
 .debug_macro   0x00000000000051b6      0x1ba ./src/CConnectSock.o
 .debug_macro   0x0000000000005370       0x5f ./src/CConnectSock.o
 .debug_macro   0x00000000000053cf       0x34 ./src/CConnectSock.o
 .debug_macro   0x0000000000005403       0x10 ./src/CConnectSock.o
 .debug_macro   0x0000000000005413       0x1c ./src/CConnectSock.o
 .debug_macro   0x000000000000542f      0x2d8 ./src/CConnectSock.o
 .debug_macro   0x0000000000005707       0xe6 ./src/CConnectSock.o
 .debug_macro   0x00000000000057ed       0xd3 ./src/CConnectSock.o
 .debug_macro   0x00000000000058c0       0x23 ./src/CConnectSock.o
 .debug_macro   0x00000000000058e3      0x3a3 ./src/CConnectSock.o
 .debug_macro   0x0000000000005c86       0xac ./src/CConnectSock.o
 .debug_macro   0x0000000000005d32       0x16 ./src/CConnectSock.o
 .debug_macro   0x0000000000005d48       0x1c ./src/CConnectSock.o
 .debug_macro   0x0000000000005d64       0x3a ./src/CConnectSock.o
 .debug_macro   0x0000000000005d9e       0x3a ./src/CConnectSock.o
 .debug_macro   0x0000000000005dd8       0x45 ./src/CConnectSock.o
 .debug_macro   0x0000000000005e1d      0x1b6 ./src/CConnectSock.o
 .debug_macro   0x0000000000005fd3       0x10 ./src/CConnectSock.o
 .debug_macro   0x0000000000005fe3       0xd0 ./src/CConnectSock.o
 .debug_macro   0x00000000000060b3      0x1f0 ./src/CConnectSock.o
 .debug_macro   0x00000000000062a3      0x148 ./src/CConnectSock.o
 .debug_macro   0x00000000000063eb       0xac ./src/CConnectSock.o
 .debug_macro   0x0000000000006497       0x5e ./src/CConnectSock.o
 .debug_macro   0x00000000000064f5       0xdc ./src/CConnectSock.o
 .debug_macro   0x00000000000065d1       0x1c ./src/CConnectSock.o
 .debug_macro   0x00000000000065ed       0x16 ./src/CConnectSock.o
 .debug_macro   0x0000000000006603       0x16 ./src/CConnectSock.o
 .debug_macro   0x0000000000006619       0x22 ./src/CConnectSock.o
 .debug_macro   0x000000000000663b       0x1c ./src/CConnectSock.o
 .debug_macro   0x0000000000006657       0x1c ./src/CConnectSock.o
 .debug_macro   0x0000000000006673       0x5e ./src/CConnectSock.o
 .debug_macro   0x00000000000066d1      0xb26 ./src/CServerSock.o
 .debug_macro   0x00000000000071f7      0x865 ./src/CSock.o
 .debug_macro   0x0000000000007a5c      0xa32 ./src/DataProvider.o
 .debug_macro   0x000000000000848e       0x10 ./src/DataProvider.o
 .debug_macro   0x000000000000849e      0x1cf ./src/DataProvider.o
 .debug_macro   0x000000000000866d       0x4e ./src/DataProvider.o
 .debug_macro   0x00000000000086bb       0x16 ./src/DataProvider.o
 .debug_macro   0x00000000000086d1       0x1c ./src/DataProvider.o
 .debug_macro   0x00000000000086ed       0x30 ./src/DataProvider.o
 .debug_macro   0x000000000000871d       0x31 ./src/DataProvider.o
 .debug_macro   0x000000000000874e       0x68 ./src/DataProvider.o
 .debug_macro   0x00000000000087b6       0x8e ./src/DataProvider.o
 .debug_macro   0x0000000000008844       0x19 ./src/DataProvider.o
 .debug_macro   0x000000000000885d       0x1c ./src/DataProvider.o
 .debug_macro   0x0000000000008879       0x16 ./src/DataProvider.o
 .debug_macro   0x000000000000888f       0x22 ./src/DataProvider.o
 .debug_macro   0x00000000000088b1       0x4c ./src/DataProvider.o
 .debug_macro   0x00000000000088fd       0x10 ./src/DataProvider.o
 .debug_macro   0x000000000000890d      0x107 ./src/DataProvider.o
 .debug_macro   0x0000000000008a14       0x3c ./src/DataProvider.o
 .debug_macro   0x0000000000008a50       0x18 ./src/DataProvider.o
 .debug_macro   0x0000000000008a68      0xce5 ./src/main.o
 .debug_macro   0x000000000000974d      0x17b ./src/main.o
 .debug_macro   0x00000000000098c8       0x43 ./src/main.o
 .debug_macro   0x000000000000990b       0x2e ./src/main.o
 .debug_macro   0x0000000000009939       0x35 ./src/main.o
 .debug_macro   0x000000000000996e       0x2e ./src/main.o
 .debug_macro   0x000000000000999c       0x5e ./src/main.o
 .debug_macro   0x00000000000099fa       0x42 ./src/main.o
 .debug_macro   0x0000000000009a3c       0x1f ./src/main.o
 .debug_macro   0x0000000000009a5b      0x1c1 ./src/main.o
 .debug_macro   0x0000000000009c1c       0x10 ./src/main.o
 .debug_macro   0x0000000000009c2c       0x10 ./src/main.o
 .debug_macro   0x0000000000009c3c       0x16 ./src/main.o
 .debug_macro   0x0000000000009c52       0x76 ./src/main.o
 .debug_macro   0x0000000000009cc8       0x16 ./src/main.o
 .debug_macro   0x0000000000009cde       0x16 ./src/main.o
 .debug_macro   0x0000000000009cf4       0x10 ./src/main.o
 .debug_macro   0x0000000000009d04       0x26 ./src/main.o

.gnu.attributes
 *(.gnu.attributes)

.note.gnu.arm.ident
 *(.note.gnu.arm.ident)

/DISCARD/
 *(.note.GNU-stack)
 *(.gnu_debuglink)
 *(.gnu.lto_*)
OUTPUT(TCPDataServer.elf elf32-littlearm)
